[    0.000000] Initializing cgroup subsys cpuset
[    0.000000] Initializing cgroup subsys cpu
[    0.000000] Initializing cgroup subsys cpuacct
[    0.000000] Linux version 4.4.0-174-generic (buildd@lcy01-amd64-027) (gcc version 5.4.0 20160609 (Ubuntu 5.4.0-6ubuntu1~16.04.12) ) #204-Ubuntu SMP Wed Jan 29 06:41:01 UTC 2020 (Ubuntu 4.4.0-174.204-generic 4.4.211)
[    0.000000] Command line: BOOT_IMAGE=/boot/vmlinuz-4.4.0-174-generic root=LABEL=cloudimg-rootfs ro console=tty1 console=ttyS0
[    0.000000] KERNEL supported cpus:
[    0.000000]   Intel GenuineIntel
[    0.000000]   AMD AuthenticAMD
[    0.000000]   Centaur CentaurHauls
[    0.000000] x86/fpu: xstate_offset[2]:  576, xstate_sizes[2]:  256
[    0.000000] x86/fpu: Supporting XSAVE feature 0x01: 'x87 floating point registers'
[    0.000000] x86/fpu: Supporting XSAVE feature 0x02: 'SSE registers'
[    0.000000] x86/fpu: Supporting XSAVE feature 0x04: 'AVX registers'
[    0.000000] x86/fpu: Enabled xstate features 0x7, context size is 832 bytes, using 'standard' format.
[    0.000000] e820: BIOS-provided physical RAM map:
[    0.000000] BIOS-e820: [mem 0x0000000000000000-0x000000000009fbff] usable
[    0.000000] BIOS-e820: [mem 0x000000000009fc00-0x000000000009ffff] reserved
[    0.000000] BIOS-e820: [mem 0x00000000000f0000-0x00000000000fffff] reserved
[    0.000000] BIOS-e820: [mem 0x0000000000100000-0x000000001ffeffff] usable
[    0.000000] BIOS-e820: [mem 0x000000001fff0000-0x000000001fffffff] ACPI data
[    0.000000] BIOS-e820: [mem 0x00000000fec00000-0x00000000fec00fff] reserved
[    0.000000] BIOS-e820: [mem 0x00000000fee00000-0x00000000fee00fff] reserved
[    0.000000] BIOS-e820: [mem 0x00000000fffc0000-0x00000000ffffffff] reserved
[    0.000000] NX (Execute Disable) protection: active
[    0.000000] SMBIOS 2.5 present.
[    0.000000] Hypervisor detected: KVM
[    0.000000] e820: last_pfn = 0x1fff0 max_arch_pfn = 0x400000000
[    0.000000] MTRR: Disabled
[    0.000000] x86/PAT: MTRRs disabled, skipping PAT initialization too.
[    0.000000] CPU MTRRs all blank - virtualized system.
[    0.000000] x86/PAT: Configuration [0-7]: WB  WT  UC- UC  WB  WT  UC- UC  
[    0.000000] found SMP MP-table at [mem 0x0009fff0-0x0009ffff] mapped at [ffff88000009fff0]
[    0.000000] Scanning 1 areas for low memory corruption
[    0.000000] RAMDISK: [mem 0x1e8a8000-0x1f72ffff]
[    0.000000] ACPI: Early table checksum verification disabled
[    0.000000] ACPI: RSDP 0x00000000000E0000 000024 (v02 VBOX  )
[    0.000000] ACPI: XSDT 0x000000001FFF0030 00003C (v01 VBOX   VBOXXSDT 00000001 ASL  00000061)
[    0.000000] ACPI: FACP 0x000000001FFF00F0 0000F4 (v04 VBOX   VBOXFACP 00000001 ASL  00000061)
[    0.000000] ACPI: DSDT 0x000000001FFF0470 002325 (v02 VBOX   VBOXBIOS 00000002 INTL 20100528)
[    0.000000] ACPI: FACS 0x000000001FFF0200 000040
[    0.000000] ACPI: FACS 0x000000001FFF0200 000040
[    0.000000] ACPI: APIC 0x000000001FFF0240 000054 (v02 VBOX   VBOXAPIC 00000001 ASL  00000061)
[    0.000000] ACPI: SSDT 0x000000001FFF02A0 0001CC (v01 VBOX   VBOXCPUT 00000002 INTL 20100528)
[    0.000000] No NUMA configuration found
[    0.000000] Faking a node at [mem 0x0000000000000000-0x000000001ffeffff]
[    0.000000] NODE_DATA(0) allocated [mem 0x1ffeb000-0x1ffeffff]
[    0.000000] kvm-clock: Using msrs 4b564d01 and 4b564d00
[    0.000000] kvm-clock: cpu 0, msr 0:1ffe3001, primary cpu clock
[    0.000000] kvm-clock: using sched offset of 5300787821 cycles
[    0.000000] clocksource: kvm-clock: mask: 0xffffffffffffffff max_cycles: 0x1cd42e4dffb, max_idle_ns: 881590591483 ns
[    0.000000] Zone ranges:
[    0.000000]   DMA      [mem 0x0000000000001000-0x0000000000ffffff]
[    0.000000]   DMA32    [mem 0x0000000001000000-0x000000001ffeffff]
[    0.000000]   Normal   empty
[    0.000000]   Device   empty
[    0.000000] Movable zone start for each node
[    0.000000] Early memory node ranges
[    0.000000]   node   0: [mem 0x0000000000001000-0x000000000009efff]
[    0.000000]   node   0: [mem 0x0000000000100000-0x000000001ffeffff]
[    0.000000] Initmem setup node 0 [mem 0x0000000000001000-0x000000001ffeffff]
[    0.000000] ACPI: PM-Timer IO Port: 0x4008
[    0.000000] IOAPIC[0]: apic_id 1, version 32, address 0xfec00000, GSI 0-23
[    0.000000] ACPI: INT_SRC_OVR (bus 0 bus_irq 0 global_irq 2 dfl dfl)
[    0.000000] ACPI: INT_SRC_OVR (bus 0 bus_irq 9 global_irq 9 low level)
[    0.000000] Using ACPI (MADT) for SMP configuration information
[    0.000000] smpboot: Allowing 1 CPUs, 0 hotplug CPUs
[    0.000000] PM: Registered nosave memory: [mem 0x00000000-0x00000fff]
[    0.000000] PM: Registered nosave memory: [mem 0x0009f000-0x0009ffff]
[    0.000000] PM: Registered nosave memory: [mem 0x000a0000-0x000effff]
[    0.000000] PM: Registered nosave memory: [mem 0x000f0000-0x000fffff]
[    0.000000] e820: [mem 0x20000000-0xfebfffff] available for PCI devices
[    0.000000] Booting paravirtualized kernel on KVM
[    0.000000] clocksource: refined-jiffies: mask: 0xffffffff max_cycles: 0xffffffff, max_idle_ns: 7645519600211568 ns
[    0.000000] setup_percpu: NR_CPUS:512 nr_cpumask_bits:512 nr_cpu_ids:1 nr_node_ids:1
[    0.000000] PERCPU: Embedded 33 pages/cpu @ffff88001fc00000 s95448 r8192 d31528 u2097152
[    0.000000] Built 1 zonelists in Node order, mobility grouping on.  Total pages: 128888
[    0.000000] Policy zone: DMA32
[    0.000000] Kernel command line: BOOT_IMAGE=/boot/vmlinuz-4.4.0-174-generic root=LABEL=cloudimg-rootfs ro console=tty1 console=ttyS0
[    0.000000] PID hash table entries: 2048 (order: 2, 16384 bytes)
[    0.000000] Memory: 481724K/523832K available (8626K kernel code, 1336K rwdata, 4032K rodata, 1488K init, 1292K bss, 42108K reserved, 0K cma-reserved)
[    0.000000] SLUB: HWalign=64, Order=0-3, MinObjects=0, CPUs=1, Nodes=1
[    0.000000] Kernel/User page tables isolation: enabled
[    0.000000] Hierarchical RCU implementation.
[    0.000000] 	Build-time adjustment of leaf fanout to 64.
[    0.000000] 	RCU restricting CPUs from NR_CPUS=512 to nr_cpu_ids=1.
[    0.000000] RCU: Adjusting geometry for rcu_fanout_leaf=64, nr_cpu_ids=1
[    0.000000] NR_IRQS:33024 nr_irqs:256 16
[    0.000000] Console: colour VGA+ 80x25
[    0.000000] console [tty1] enabled
[    0.000000] console [ttyS0] enabled
[    0.000000] tsc: Detected 2112.000 MHz processor
[    0.368098] Calibrating delay loop (skipped) preset value.. 4224.00 BogoMIPS (lpj=8448000)
[    0.371609] pid_max: default: 32768 minimum: 301
[    0.373553] ACPI: Core revision 20150930
[    0.379982] ACPI: 2 ACPI AML tables successfully acquired and loaded
[    0.383450] Security Framework initialized
[    0.385840] Yama: becoming mindful.
[    0.387983] AppArmor: AppArmor initialized
[    0.390353] Dentry cache hash table entries: 65536 (order: 7, 524288 bytes)
[    0.393887] Inode-cache hash table entries: 32768 (order: 6, 262144 bytes)
[    0.397339] Mount-cache hash table entries: 1024 (order: 1, 8192 bytes)
[    0.400986] Mountpoint-cache hash table entries: 1024 (order: 1, 8192 bytes)
[    0.404700] Initializing cgroup subsys io
[    0.406922] Initializing cgroup subsys memory
[    0.409287] Initializing cgroup subsys devices
[    0.411870] Initializing cgroup subsys freezer
[    0.414501] Initializing cgroup subsys net_cls
[    0.417381] Initializing cgroup subsys perf_event
[    0.420393] Initializing cgroup subsys net_prio
[    0.423364] Initializing cgroup subsys hugetlb
[    0.425819] Initializing cgroup subsys pids
[    0.430325] mce: CPU supports 0 MCE banks
[    0.432676] process: using mwait in idle threads
[    0.435654] Last level iTLB entries: 4KB 64, 2MB 8, 4MB 8
[    0.438601] Last level dTLB entries: 4KB 64, 2MB 0, 4MB 0, 1GB 4
[    0.441620] Spectre V1 : Mitigation: usercopy/swapgs barriers and __user pointer sanitization
[    0.446171] Spectre V2 : Mitigation: Full generic retpoline
[    0.449074] Spectre V2 : Spectre v2 / SpectreRSB mitigation: Filling RSB on context switch
[    0.453595] Speculative Store Bypass: Vulnerable
[    0.456265] MDS: Vulnerable: Clear CPU buffers attempted, no microcode
[    0.525675] Freeing SMP alternatives memory: 36K
[    0.545480] ftrace: allocating 32305 entries in 127 pages
[    0.717551] smpboot: APIC(0) Converting physical 0 to logical package 0
[    0.721643] smpboot: Max logical packages: 1
[    0.724870] x2apic enabled
[    0.727696] Switched APIC routing to physical x2apic.
[    0.733204] ..TIMER: vector=0x30 apic1=0 pin1=2 apic2=-1 pin2=-1
[    0.845313] smpboot: CPU0: Intel(R) Core(TM) i7-8650U CPU @ 1.90GHz (family: 0x6, model: 0x8e, stepping: 0xa)
[    0.851160] Performance Events: unsupported p6 CPU model 142 no PMU driver, software events only.
[    0.883241] KVM setup paravirtual spinlock
[    0.888870] x86: Booted up 1 node, 1 CPUs
[    0.891905] smpboot: Total of 1 processors activated (4224.00 BogoMIPS)
[    0.897340] devtmpfs: initialized
[    0.904335] evm: security.selinux
[    0.908215] evm: security.SMACK64
[    0.912143] evm: security.SMACK64EXEC
[    0.913439] evm: security.SMACK64TRANSMUTE
[    0.916497] evm: security.SMACK64MMAP
[    0.919382] evm: security.ima
[    0.921744] evm: security.capability
[    0.924780] clocksource: jiffies: mask: 0xffffffff max_cycles: 0xffffffff, max_idle_ns: 7645041785100000 ns
[    0.932471] futex hash table entries: 256 (order: 2, 16384 bytes)
[    0.937392] pinctrl core: initialized pinctrl subsystem
[    0.940568] RTC time: 16:58:43, date: 03/10/20
[    0.943262] NET: Registered protocol family 16
[    0.948403] cpuidle: using governor ladder
[    0.951681] cpuidle: using governor menu
[    0.953967] PCCT header not found.
[    0.956403] ACPI: bus type PCI registered
[    0.958679] acpiphp: ACPI Hot Plug PCI Controller Driver version: 0.5
[    0.962354] PCI: Using configuration type 1 for base access
[    0.983055] ACPI: Added _OSI(Module Device)
[    0.986512] ACPI: Added _OSI(Processor Device)
[    0.990140] ACPI: Added _OSI(3.0 _SCP Extensions)
[    0.993768] ACPI: Added _OSI(Processor Aggregator Device)
[    0.999704] ACPI: Executed 1 blocks of module-level executable AML code
[    1.010260] ACPI: Interpreter enabled
[    1.012491] ACPI: (supports S0 S5)
[    1.014782] ACPI: Using IOAPIC for interrupt routing
[    1.018650] PCI: Using host bridge windows from ACPI; if necessary, use "pci=nocrs" and report a bug
[    1.033254] ACPI: PCI Root Bridge [PCI0] (domain 0000 [bus 00-ff])
[    1.036720] acpi PNP0A03:00: _OSC: OS supports [ASPM ClockPM Segments MSI]
[    1.040481] acpi PNP0A03:00: _OSC: not requesting OS control; OS requires [ExtendedConfig ASPM ClockPM MSI]
[    1.044833] acpi PNP0A03:00: fail to add MMCONFIG information, can't access extended PCI configuration space under this bridge.
[    1.052363] PCI host bridge to bus 0000:00
[    1.054790] pci_bus 0000:00: root bus resource [io  0x0000-0x0cf7 window]
[    1.058368] pci_bus 0000:00: root bus resource [io  0x0d00-0xffff window]
[    1.061779] pci_bus 0000:00: root bus resource [mem 0x000a0000-0x000bffff window]
[    1.066018] pci_bus 0000:00: root bus resource [mem 0x20000000-0xfdffffff window]
[    1.071026] pci_bus 0000:00: root bus resource [bus 00-ff]
[    1.078825] pci 0000:00:01.1: legacy IDE quirk: reg 0x10: [io  0x01f0-0x01f7]
[    1.082819] pci 0000:00:01.1: legacy IDE quirk: reg 0x14: [io  0x03f6]
[    1.086717] pci 0000:00:01.1: legacy IDE quirk: reg 0x18: [io  0x0170-0x0177]
[    1.090460] pci 0000:00:01.1: legacy IDE quirk: reg 0x1c: [io  0x0376]
[    1.112591] pci 0000:00:07.0: quirk: [io  0x4000-0x403f] claimed by PIIX4 ACPI
[    1.141798] pci 0000:00:07.0: quirk: [io  0x4100-0x410f] claimed by PIIX4 SMB
[    1.157409] ACPI: PCI Interrupt Link [LNKA] (IRQs 5 9 10 *11)
[    1.162329] ACPI: PCI Interrupt Link [LNKB] (IRQs 5 9 *10 11)
[    1.167073] ACPI: PCI Interrupt Link [LNKC] (IRQs 5 *9 10 11)
[    1.172104] ACPI: PCI Interrupt Link [LNKD] (IRQs 5 9 10 *11)
[    1.176608] ACPI: Enabled 2 GPEs in block 00 to 07
[    1.179942] vgaarb: setting as boot device: PCI:0000:00:02.0
[    1.183227] vgaarb: device added: PCI:0000:00:02.0,decodes=io+mem,owns=io+mem,locks=none
[    1.188275] vgaarb: loaded
[    1.190172] vgaarb: bridge control possible 0000:00:02.0
[    1.193530] SCSI subsystem initialized
[    1.195928] ACPI: bus type USB registered
[    1.198265] usbcore: registered new interface driver usbfs
[    1.201820] usbcore: registered new interface driver hub
[    1.204924] usbcore: registered new device driver usb
[    1.208155] PCI: Using ACPI for IRQ routing
[    1.211447] NetLabel: Initializing
[    1.213571] NetLabel:  domain hash size = 128
[    1.216070] NetLabel:  protocols = UNLABELED CIPSOv4
[    1.219607] NetLabel:  unlabeled traffic allowed by default
[    1.222909] amd_nb: Cannot enumerate AMD northbridges
[    1.225779] clocksource: Switched to clocksource kvm-clock
[    1.256053] AppArmor: AppArmor Filesystem Enabled
[    1.258852] pnp: PnP ACPI init
[    1.262780] pnp: PnP ACPI: found 3 devices
[    1.273631] clocksource: acpi_pm: mask: 0xffffff max_cycles: 0xffffff, max_idle_ns: 2085701024 ns
[    1.278577] NET: Registered protocol family 2
[    1.281466] TCP established hash table entries: 4096 (order: 3, 32768 bytes)
[    1.286177] TCP bind hash table entries: 4096 (order: 4, 65536 bytes)
[    1.289709] TCP: Hash tables configured (established 4096 bind 4096)
[    1.293185] UDP hash table entries: 256 (order: 1, 8192 bytes)
[    1.296348] UDP-Lite hash table entries: 256 (order: 1, 8192 bytes)
[    1.299858] NET: Registered protocol family 1
[    1.303080] pci 0000:00:00.0: Limiting direct PCI/PCI transfers
[    1.306150] pci 0000:00:01.0: Activating ISA DMA hang workarounds
[    1.309450] Unpacking initramfs...
[    2.153220] Freeing initrd memory: 14880K
[    2.154877] clocksource: tsc: mask: 0xffffffffffffffff max_cycles: 0x1e71785e5dd, max_idle_ns: 440795244814 ns
[    2.158964] platform rtc_cmos: registered platform RTC device (no PNP device found)
[    2.162203] Scanning for low memory corruption every 60 seconds
[    2.164912] audit: initializing netlink subsys (disabled)
[    2.167024] audit: type=2000 audit(1583859530.311:1): initialized
[    2.169992] Initialise system trusted keyring
[    2.171974] HugeTLB registered 2 MB page size, pre-allocated 0 pages
[    2.176928] zbud: loaded
[    2.178588] VFS: Disk quotas dquot_6.6.0
[    2.180115] VFS: Dquot-cache hash table entries: 512 (order 0, 4096 bytes)
[    2.183333] squashfs: version 4.0 (2009/01/31) Phillip Lougher
[    2.185904] fuse init (API version 7.23)
[    2.187789] Key type big_key registered
[    2.189343] Allocating IMA MOK and blacklist keyrings.
[    2.191855] Key type asymmetric registered
[    2.193530] Asymmetric key parser 'x509' registered
[    2.196147] Block layer SCSI generic (bsg) driver version 0.4 loaded (major 249)
[    2.199565] io scheduler noop registered
[    2.202210] io scheduler deadline registered (default)
[    2.204244] io scheduler cfq registered
[    2.206083] pci_hotplug: PCI Hot Plug PCI Core version: 0.5
[    2.208754] pciehp: PCI Express Hot Plug Controller Driver version: 0.4
[    2.214064] ACPI: AC Adapter [AC] (off-line)
[    2.221926] input: Power Button as /devices/LNXSYSTM:00/LNXPWRBN:00/input/input0
[    2.227907] ACPI: Power Button [PWRF]
[    2.230609] input: Sleep Button as /devices/LNXSYSTM:00/LNXSLPBN:00/input/input1
[    2.233878] ACPI: Sleep Button [SLPF]
[    2.237248] ACPI: Battery Slot [BAT0] (battery present)
[    2.239420] GHES: HEST is not enabled!
[    2.241389] Serial: 8250/16550 driver, 32 ports, IRQ sharing enabled
[  339.138412] 00:02: ttyS0 at I/O 0x3f8 (irq = 4, base_baud = 115200) is a 16550A
[  339.198522] Linux agpgart interface v0.103
[  339.240520] loop: module loaded
[  339.250355] scsi host0: ata_piix
[  339.251915] scsi host1: ata_piix
[  339.256710] ata1: PATA max UDMA/33 cmd 0x1f0 ctl 0x3f6 bmdma 0xd000 irq 14
[  339.267840] ata2: PATA max UDMA/33 cmd 0x170 ctl 0x376 bmdma 0xd008 irq 15
[  339.280472] libphy: Fixed MDIO Bus: probed
[  339.282351] tun: Universal TUN/TAP device driver, 1.6
[  339.284000] tun: (C) 1999-2004 Max Krasnyansky <maxk@qualcomm.com>
[  339.290922] PPP generic driver version 2.4.2
[  339.293038] ehci_hcd: USB 2.0 'Enhanced' Host Controller (EHCI) Driver
[  339.296701] ehci-pci: EHCI PCI platform driver
[  339.298961] ehci-platform: EHCI generic platform driver
[  339.309597] ohci_hcd: USB 1.1 'Open' Host Controller (OHCI) Driver
[  339.312702] ohci-pci: OHCI PCI platform driver
[  339.314913] ohci-platform: OHCI generic platform driver
[  339.316825] uhci_hcd: USB Universal Host Controller Interface driver
[  339.319044] i8042: PNP: PS/2 Controller [PNP0303:PS2K,PNP0f03:PS2M] at 0x60,0x64 irq 1,12
[  339.322923] serio: i8042 KBD port at 0x60,0x64 irq 1
[  339.325262] serio: i8042 AUX port at 0x60,0x64 irq 12
[  339.327774] mousedev: PS/2 mouse device common for all mice
[  339.329895] input: AT Translated Set 2 keyboard as /devices/platform/i8042/serio0/input/input2
[  339.333322] rtc_cmos rtc_cmos: rtc core: registered rtc_cmos as rtc0
[  339.336855] rtc_cmos rtc_cmos: alarms up to one day, 114 bytes nvram
[  339.338861] i2c /dev entries driver
[  339.340172] device-mapper: uevent: version 1.0.3
[  339.341931] device-mapper: ioctl: 4.34.0-ioctl (2015-10-28) initialised: dm-devel@redhat.com
[  339.345057] ledtrig-cpu: registered to indicate activity on CPUs
[  339.347562] NET: Registered protocol family 10
[  339.349488] NET: Registered protocol family 17
[  339.351087] Key type dns_resolver registered
[  339.352706] registered taskstats version 1
[  339.354192] Loading compiled-in X.509 certificates
[  339.356601] Loaded X.509 cert 'Build time autogenerated kernel key: 2501974cc66248a18f8fa54aaac948a5171f77fb'
[  339.360221] zswap: loaded using pool lzo/zbud
[  339.363887] Key type trusted registered
[  339.369165] Key type encrypted registered
[  339.370623] AppArmor: AppArmor sha1 policy hashing enabled
[  339.372756] ima: No TPM chip found, activating TPM-bypass!
[  339.375338] ima: Allocated hash algorithm: sha1
[  339.376787] evm: HMAC attrs: 0x1
[  339.378461]   Magic number: 12:870:994
[  339.379814] rtc_cmos rtc_cmos: setting system clock to 2020-03-10 16:58:45 UTC (1583859525)
[  339.383490] BIOS EDD facility v0.16 2004-Jun-25, 0 devices found
[  339.388913] EDD information not available.
[  339.535866] Freeing unused kernel memory: 1488K
[  339.538495] Write protecting the kernel read-only data: 14336k
[  339.576277] Freeing unused kernel memory: 1604K
[  339.582928] Freeing unused kernel memory: 64K
Loading, please wait...
starting version 229
[  339.705058] random: systemd-udevd: uninitialized urandom read (16 bytes read, 5 bits of entropy available)
[  339.846527] random: systemd-udevd: uninitialized urandom read (16 bytes read, 5 bits of entropy available)
[  339.937219] random: udevadm: uninitialized urandom read (16 bytes read, 5 bits of entropy available)
[  339.949006] random: udevadm: uninitialized urandom read (16 bytes read, 5 bits of entropy available)
[  340.008985] random: systemd-udevd: uninitialized urandom read (16 bytes read, 5 bits of entropy available)
[  340.026507] random: systemd-udevd: uninitialized urandom read (16 bytes read, 5 bits of entropy available)
[  340.078848] random: systemd-udevd: uninitialized urandom read (16 bytes read, 5 bits of entropy available)
[  340.088713] random: systemd-udevd: uninitialized urandom read (16 bytes read, 5 bits of entropy available)
[  340.133646] random: udevadm: uninitialized urandom read (16 bytes read, 5 bits of entropy available)
[  340.147560] random: udevadm: uninitialized urandom read (16 bytes read, 5 bits of entropy available)
[  340.808399] Fusion MPT base driver 3.04.20
[  340.818500] Copyright (c) 1999-2008 LSI Corporation
[  340.859639] e1000: Intel(R) PRO/1000 Network Driver - version 7.3.21-k8-NAPI
[  340.916401] e1000: Copyright (c) 1999-2006 Intel Corporation.
[  341.175217] input: ImExPS/2 Generic Explorer Mouse as /devices/platform/i8042/serio1/input/input4
[  341.351292] Fusion MPT SPI Host driver 3.04.20
[  341.451817] AVX2 version of gcm_enc/dec engaged.
[  341.458429] AES CTR mode by8 optimization enabled
[  342.465367] e1000 0000:00:03.0 eth0: (PCI:33MHz:32-bit) 02:1b:c5:10:6b:e2
[  342.467606] e1000 0000:00:03.0 eth0: Intel(R) PRO/1000 Network Connection
[  342.470466] mptbase: ioc0: Initiating bringup
[  342.534057] ioc0: LSI53C1030 A0: Capabilities={Initiator}
[  342.695107] scsi host2: ioc0: LSI53C1030 A0, FwRev=00000000h, Ports=1, MaxQ=256, IRQ=20
[  342.809182] scsi 2:0:0:0: Direct-Access     VBOX     HARDDISK         1.0  PQ: 0 ANSI: 5
[  342.813228] scsi target2:0:0: Beginning Domain Validation
[  342.820446] scsi target2:0:0: Domain Validation skipping write tests
[  342.825187] scsi target2:0:0: Ending Domain Validation
[  342.828571] scsi target2:0:0: asynchronous
[  342.830817] scsi 2:0:1:0: Direct-Access     VBOX     HARDDISK         1.0  PQ: 0 ANSI: 5
[  342.832752] scsi target2:0:1: Beginning Domain Validation
[  342.847529] scsi target2:0:1: Domain Validation skipping write tests
[  342.850889] scsi target2:0:1: Ending Domain Validation
[  342.865457] scsi target2:0:1: asynchronous
[  343.022496] sd 2:0:0:0: Attached scsi generic sg0 type 0
[  343.026180] sd 2:0:0:0: [sda] 20971520 512-byte logical blocks: (10.7 GB/10.0 GiB)
[  343.051357] sd 2:0:1:0: Attached scsi generic sg1 type 0
[  343.052659] sd 2:0:1:0: [sdb] 20480 512-byte logical blocks: (10.5 MB/10.0 MiB)
[  343.054762] sd 2:0:1:0: [sdb] Write Protect is off
[  343.056500] sd 2:0:1:0: [sdb] Incomplete mode parameter data
[  343.058069] sd 2:0:1:0: [sdb] Assuming drive cache: write through
[  343.100231] sd 2:0:0:0: [sda] Write Protect is off
[  343.101261] sd 2:0:1:0: [sdb] Attached SCSI disk
[  343.102407] sd 2:0:0:0: [sda] Incomplete mode parameter data
[  343.103536] sd 2:0:0:0: [sda] Assuming drive cache: write through
[  343.123674]  sda: sda1
[  343.137357] sd 2:0:0:0: [sda] Attached SCSI disk
[  343.271160] e1000 0000:00:08.0 eth1: (PCI:33MHz:32-bit) 08:00:27:6c:95:0a
[  343.272491] e1000 0000:00:08.0 eth1: Intel(R) PRO/1000 Network Connection
[  343.274559] e1000 0000:00:08.0 enp0s8: renamed from eth1
[  343.277229] e1000 0000:00:03.0 enp0s3: renamed from eth0
Begin: Loading essential drivers ... [  349.328567] md: linear personality registered for level -1
[  349.335054] md: multipath personality registered for level -4
[  349.340958] md: raid0 personality registered for level 0
[  349.348975] md: raid1 personality registered for level 1
[  349.422038] raid6: sse2x1   gen()  6772 MB/s
[  349.489854] raid6: sse2x1   xor()  5208 MB/s
[  349.558183] raid6: sse2x2   gen()  9692 MB/s
[  349.625992] raid6: sse2x2   xor()  7935 MB/s
[  349.693884] raid6: sse2x4   gen() 15811 MB/s
[  349.762204] raid6: sse2x4   xor()  9523 MB/s
[  349.830056] raid6: avx2x1   gen() 24932 MB/s
[  349.897874] raid6: avx2x2   gen() 31036 MB/s
[  349.965923] raid6: avx2x4   gen() 33228 MB/s
[  349.966822] raid6: using algorithm avx2x4 gen() 33228 MB/s
[  349.967861] raid6: using avx2x2 recovery algorithm
[  349.970084] xor: automatically using best checksumming function:
[  350.009841]    avx       : 27008.000 MB/sec
[  350.012813] async_tx: api initialized (async)
[  350.023745] md: raid6 personality registered for level 6
[  350.024824] md: raid5 personality registered for level 5
[  350.026012] md: raid4 personality registered for level 4
[  350.033758] md: raid10 personality registered for level 10
done.
Begin: Running /scripts/init-premount ... done.
Begin: Mounting root file system ... Begin: Running /scripts/local-top ... done.
Begin: Running /scripts/local-premount ... [  350.064124] Btrfs loaded
Scanning for Btrfs filesystems
done.
Warning: fsck not present, so skipping root file system
[  350.103075] EXT4-fs (sda1): mounted filesystem with ordered data mode. Opts: (null)
done.
Begin: Running /scripts/local-bottom ... done.
Begin: Running /scripts/init-bottom ... done.
[  350.181780] systemd[1]: systemd 229 running in system mode. (+PAM +AUDIT +SELINUX +IMA +APPARMOR +SMACK +SYSVINIT +UTMP +LIBCRYPTSETUP +GCRYPT +GNUTLS +ACL +XZ -LZ4 +SECCOMP +BLKID +ELFUTILS +KMOD -IDN)
[  350.185753] systemd[1]: Detected virtualization oracle.
[  350.186884] systemd[1]: Detected architecture x86-64.

Welcome to [1mUbuntu 16.04.6 LTS[0m!

[  350.194865] systemd[1]: Set hostname to <ubuntu>.
[  350.199789] systemd[1]: Initializing machine ID from random generator.
[  350.201036] systemd[1]: Installed transient /etc/machine-id file.
[  350.322588] systemd[1]: Listening on LVM2 metadata daemon socket.
[[0;32m  OK  [0m] Listening on LVM2 metadata daemon socket.
[  350.330180] systemd[1]: Reached target System Time Synchronized.
[[0;32m  OK  [0m] Reached target System Time Synchronized.
[  350.338156] systemd[1]: Listening on LVM2 poll daemon socket.
[[0;32m  OK  [0m] Listening on LVM2 poll daemon socket.
[  350.340524] systemd[1]: Listening on Journal Socket (/dev/log).
[[0;32m  OK  [0m] Listening on Journal Socket (/dev/log).
[  350.342600] systemd[1]: Reached target Swap.
[[0;32m  OK  [0m] Reached target Swap.
[  350.350625] systemd[1]: Reached target Encrypted Volumes.
[[0;32m  OK  [0m] Reached target Encrypted Volumes.
[  350.352830] systemd[1]: Listening on Syslog Socket.
[[0;32m  OK  [0m] Listening on Syslog Socket.
[  350.354496] systemd[1]: Started Forward Password Requests to Wall Directory Watch.
[[0;32m  OK  [0m] Started Forward Password Requests to Wall Directory Watch.
[  350.357151] systemd[1]: Started Trigger resolvconf update for networkd DNS.
[[0;32m  OK  [0m] Started Trigger resolvconf update for networkd DNS.
[  350.366379] systemd[1]: Set up automount Arbitrary Executable File Formats File System Automount Point.
[[0;32m  OK  [0m] Set up automount Arbitrary Executab...ats File System Automount Point.
[  350.369117] systemd[1]: Reached target User and Group Name Lookups.
[[0;32m  OK  [0m] Reached target User and Group Name Lookups.
[  350.371102] systemd[1]: Listening on udev Kernel Socket.
[[0;32m  OK  [0m] Listening on udev Kernel Socket.
[  350.372920] systemd[1]: Listening on udev Control Socket.
[[0;32m  OK  [0m] Listening on udev Control Socket.
[  350.374848] systemd[1]: Listening on Journal Socket.
[[0;32m  OK  [0m] Listening on Journal Socket.
[  350.377078] systemd[1]: Listening on Device-mapper event daemon FIFOs.
[[0;32m  OK  [0m] Listening on Device-mapper event daemon FIFOs.
[  350.386799] systemd[1]: Listening on /dev/initctl Compatibility Named Pipe.
[[0;32m  OK  [0m] Listening on /dev/initctl Compatibility Named Pipe.
[  350.395513] systemd[1]: Created slice System Slice.
[[0;32m  OK  [0m] Created slice System Slice.
[  350.403682] systemd[1]: Starting Load Kernel Modules...
         Starting Load Kernel Modules...
[  350.405797] systemd[1]: Starting Create list of required static device nodes for the current kernel...
         Starting Create list of required st... nodes for the current kernel...
[  350.415274] Loading iSCSI transport class v2.0-870.
[  350.416668] systemd[1]: Mounting POSIX Message Queue File System...
         Mounting POSIX Message Queue File System...
[  350.422684] systemd[1]: Starting Nameserver information manager...
         Starting Nameserver information manager...
[  350.426866] iscsi: registered transport (tcp)
[  350.430578] systemd[1]: Starting Remount Root and Kernel File Systems...
         Starting Remount Root and Kernel File Systems...
[  350.435273] systemd[1]: Mounting Debug File System...
         Mounting Debug File System...
[  350.439484] systemd[1]: Created slice system-serial\x2dgetty.slice.
[[  350.440890] EXT4-fs (sda1): re-mounted. Opts: (null)
[0;32m  OK  [0m] Created slice system-serial\x2dgetty.slice.
[  350.446787] systemd[1]: Starting Uncomplicated firewall...
         Starting Uncomplicated firewall...
[  350.449600] systemd[1]: Mounting Huge Pages File System...
         Mounting Huge Pages File System...
[  350.463176] systemd[1]: Starting Set console keymap...
         Starting Set console keymap...
[  350.467308] iscsi: registered transport (iser)
[  350.468798] systemd[1]: Created slice User and Session Slice.
[[0;32m  OK  [0m] Created slice User and Session Slice.
[  350.471612] systemd[1]: Reached target Slices.
[[0;32m  OK  [0m] Reached target Slices.
[  350.478062] systemd[1]: Starting Monitoring of LVM2 mirrors, snapshots etc. using dmeventd or progress polling...
         Starting Monitoring of LVM2 mirrors... dmeventd or progress polling...
[  350.483791] systemd[1]: Listening on Journal Audit Socket.
[[0;32m  OK  [0m] Listening on Journal Audit Socket.
[  350.488191] systemd[1]: Starting Journal Service...
         Starting Journal Service...
[  350.492767] systemd[1]: Mounted Debug File System.
[[0;32m  OK  [0m] Mounted Debug File System.
[  350.494667] systemd[1]: Mounted POSIX Message Queue File System.
[[0;32m  OK  [0m] Mounted POSIX Message Queue File System.
[  350.498125] systemd[1]: Mounted Huge Pages File System.
[[0;32m  OK  [0m] Mounted Huge Pages File System.
[  350.506667] systemd[1]: Started Load Kernel Modules.
[[0;32m  OK  [0m] Started Load Kernel Modules.
[  350.510570] systemd[1]: Started Create list of required static device nodes for the current kernel.
[[0;32m  OK  [0m] Started Create list of required sta...ce nodes for the current kernel.
[  350.514757] systemd[1]: Started Remount Root and Kernel File Systems.
[[0;32m  OK  [0m] Started Remount Root and Kernel File Systems.
[  350.518957] systemd[1]: Started Uncomplicated firewall.
[[0;32m  OK  [0m] Started Uncomplicated firewall.
[  350.522937] systemd[1]: Started Nameserver information manager.
[[0;32m  OK  [0m] Started Nameserver information manager.
[  350.533499] systemd[1]: Started LVM2 metadata daemon.
[[0;32m  OK  [0m] Started LVM2 metadata daemon.
[  350.537953] systemd[1]: Starting Load/Save Random Seed...
         Starting Load/Save Random Seed...
[  350.556233] systemd[1]: Starting udev Coldplug all Devices...
         Starting udev Coldplug all Devices...
[  350.566498] systemd[1]: Starting Create Static Device Nodes in /dev...
         Starting Create Static Device Nodes in /dev...
[  350.579458] systemd[1]: Starting Apply Kernel Variables...
         Starting Apply Kernel Variables...
[  350.587089] systemd[1]: Mounting FUSE Control File System...
         Mounting FUSE Control File System...
[  350.589746] systemd[1]: Started Journal Service.
[[0;32m  OK  [0m] Started Journal Service.
[[0;32m  OK  [0m] Mounted FUSE Control File System.
[[0;32m  OK  [0m] Started Load/Save Random Seed.
         Starting Flush Journal to Persistent Storage...
[[0;32m  OK  [0m] Started Apply Kernel Variables.
[[0;32m  OK  [0m] Started Create Static Device Nodes in /dev.
         Starting udev Kernel Device Manager...
[[0;32m  OK  [0m] Started Flush Journal to Persistent Storage.
[[0;32m  OK  [0m] Started udev Kernel Device Manager.
[[0;32m  OK  [0m] Started udev Coldplug all Devices.
[[0;32m  OK  [0m] Started Set console keymap.
[[0;32m  OK  [0m] Started Dispatch Password Requests to Console Directory Watch.
[[0;32m  OK  [0m] Started Monitoring of LVM2 mirrors,...ng dmeventd or progress polling.
[[0;32m  OK  [0m] Reached target Local File Systems (Pre).
[[0;32m  OK  [0m] Reached target Local File Systems.
         Starting Commit a transient machine-id on disk...
         Starting Create Volatile Files and Directories...
         Starting Initial cloud-init job (pre-networking)...
         Starting Set console font and keymap...
         Starting Tell Plymouth To Write Out Runtime Data...
         Starting LSB: AppArmor initialization...
[[0;32m  OK  [0m] Started Commit a transient machine-id on disk.
[[0;32m  OK  [0m] Started Tell Plymouth To Write Out Runtime Data.
[[0;32m  OK  [0m] Started Create Volatile Files and Directories.
         Starting Update UTMP about System Boot/Shutdown...
[[0;32m  OK  [0m] Started Update UTMP about System Boot/Shutdown.
[[0;32m  OK  [0m] Found device /dev/ttyS0.
[[0;32m  OK  [0m] Listening on Load/Save RF Kill Switch Status /dev/rfkill Watch.
[  353.365876] cloud-init[505]: Cloud-init v. 19.4-33-gbb4131a2-0ubuntu1~16.04.1 running 'init-local' at Tue, 10 Mar 2020 16:58:58 +0000. Up 352.11 seconds.
[[0;32m  OK  [0m] Started Initial cloud-init job (pre-networking).
[[0;32m  OK  [0m] Reached target Network (Pre).
[[0;32m  OK  [0m] Started Set console font and keymap.
[[0;32m  OK  [0m] Created slice system-getty.slice.
[[0;32m  OK  [0m] Started LSB: AppArmor initialization.
         Starting Raise network interfaces...
[[0;32m  OK  [0m] Started Raise network interfaces.
         Starting Initial cloud-init job (metadata service crawler)...
[[0;32m  OK  [0m] Reached target Network.
[  357.180022] cloud-init[978]: Cloud-init v. 19.4-33-gbb4131a2-0ubuntu1~16.04.1 running 'init' at Tue, 10 Mar 2020 16:59:03 +0000. Up 356.64 seconds.
[  357.184627] cloud-init[978]: ci-info: ++++++++++++++++++++++++++++++++++++++Net device info+++++++++++++++++++++++++++++++++++++++
[  357.188577] cloud-init[978]: ci-info: +--------+-------+----------------------------+---------------+--------+-------------------+
[  357.190264] cloud-init[978]: ci-info: | Device |   Up  |          Address           |      Mask     | Scope  |     Hw-Address    |
[  357.192518] cloud-init[978]: ci-info: +--------+-------+----------------------------+---------------+--------+-------------------+
[  357.196548] cloud-init[978]: ci-info: | enp0s3 |  True |         10.0.2.15          | 255.255.255.0 | global | 02:1b:c5:10:6b:e2 |
[  357.198448] cloud-init[978]: ci-info: | enp0s3 |  True | fe80::1b:c5ff:fe10:6be2/64 |       .       |  link  | 02:1b:c5:10:6b:e2 |
[  357.200394] cloud-init[978]: ci-info: | enp0s8 | False |             .              |       .       |   .    | 08:00:27:6c:95:0a |
[  357.204805] cloud-init[978]: ci-info: |   lo   |  True |         127.0.0.1          |   255.0.0.0   |  host  |         .         |
[  357.207213] cloud-init[978]: ci-info: |   lo   |  True |          ::1/128           |       .       |  host  |         .         |
[  357.215031] cloud-init[978]: ci-info: +--------+-------+----------------------------+---------------+--------+-------------------+
[  357.220861] cloud-init[978]: ci-info: +++++++++++++++++++++++++++Route IPv4 info++++++++++++++++++++++++++++
[  357.222916] cloud-init[978]: ci-info: +-------+-------------+----------+---------------+-----------+-------+
[  357.224881] cloud-init[978]: ci-info: | Route | Destination | Gateway  |    Genmask    | Interface | Flags |
[  357.228507] cloud-init[978]: ci-info: +-------+-------------+----------+---------------+-----------+-------+
[  357.230943] cloud-init[978]: ci-info: |   0   |   0.0.0.0   | 10.0.2.2 |    0.0.0.0    |   enp0s3  |   UG  |
[  357.244732] cloud-init[978]: ci-info: |   1   |   10.0.2.0  | 0.0.0.0  | 255.255.255.0 |   enp0s3  |   U   |
[  357.247030] cloud-init[978]: ci-info: +-------+-------------+----------+---------------+-----------+-------+
[  357.248337] cloud-init[978]: ci-info: +++++++++++++++++++Route IPv6 info+++++++++++++++++++
[  357.253507] cloud-init[978]: ci-info: +-------+-------------+---------+-----------+-------+
[  357.254805] cloud-init[978]: ci-info: | Route | Destination | Gateway | Interface | Flags |
[  357.260796] cloud-init[978]: ci-info: +-------+-------------+---------+-----------+-------+
[  357.268615] cloud-init[978]: ci-info: |   0   |  fe80::/64  |    ::   |   enp0s3  |   U   |
[  357.276459] cloud-init[978]: ci-info: |   3   |   ff00::/8  |    ::   |   enp0s3  |   U   |
[  357.284766] cloud-init[978]: ci-info: +-------+-------------+---------+-----------+-------+
[  357.293364] cloud-init[978]: Generating public/private rsa key pair.
[[0;32m  OK  [0m] Started Initial cloud-init job (metadata service crawler).
[[0;32m  OK  [0m] Reached target System Initialization.
[[0;32m  OK  [0m] Listening on ACPID Listen Socket.
[[0;32m  OK  [0m] Listening on D-Bus System Message Bus Socket.
[  357.297461] cloud-init[978]: Your identification has been saved in /etc/ssh/ssh_host_rsa_key.
[  357.322046] cloud-init[978]: Your public key has been saved in /etc/ssh/ssh_host_rsa_key.pub.
[  357.324089] cloud-init[978]: The key fingerprint is:
[  357.324897] cloud-init[978]: SHA256:XoNMc0rnmjch0INuOMqqrz/eI13LfmW+GfFAmuBMn9g root@ubuntu-xenial
[  357.326062] cloud-init[978]: The key's randomart image is:
[  357.332954] cloud-init[978]: +---[RSA 2048]----+
         Starting LXD - unix socket.
[  357.335570] cloud-init[978]: |                 |
[  357.337123] cloud-init[978]: |       o         |
[  357.337496] cloud-init[978]: |      = * +      |
[  357.338362]          Starting Socket activation for snappy daemon.
[[0;32m  OK  [0m] Listening on UUID daemon activation socket.
cloud-init[978]: |     * X &       |
[  357.340418] cloud-init[978]: |    o * E B      |
[[0;32m  OK  [0m] Started ACPI Events Check.
[  357.343141] cloud-init[978]: | . . o.. =o*     |
[[0;32m  OK  [0m] Reached target Paths.
[[0;32m  OK  [0m] Started Message of the Day.
[[0;32m  OK  [0m] Started Daily apt download activities.
[[0;32m  OK  [0m] Started Daily apt upgrade and clean activities.
[[0;32m  OK  [0m] [  357.348210] cloud-init[978]: |  o. o .+++ .    |
[  357.349181] cloud-init[978]: | .o.o o ...+     |
[  357.350099] cloud-init[978]: |==+o.o..  o.     |
[  357.351015] cloud-init[978]: +----[SHA256]-----+
[  357.351916] Started Daily Cleanup of Temporary Directories.
[[0;32m  OK  [0m] Reached target Timers.
[[0;32m  OK  [0m] Reached target Cloud-config availability.
[[0;32m  OK  [0m] Reached target Network is Online.
cloud-init[978]: Generating public/private dsa key pair.
[  357.357216] cloud-init[978]: Your identification has been saved in /etc/ssh/ssh_host_dsa_key.
[  357.358938] cloud-init[978]: Your public key has been saved in /etc/ssh/ssh_host_dsa_key.pub.         Starting iSCSI initiator daemon (iscsid)...
[[0;32m  OK  [0m] Listening on LXD - unix socket.
[[0;32m  OK  [0m] Listening on Socket activation for snappy daemon.
[  357.364544] cloud-init[978]: The key fingerprint is:
[  357.365488] cloud-init[978]: SHA256:J3JkgwAyK8oSUWLbVHqxJDY9Ncg7uZCwJyZ1VqA/4tw root@ubuntu-xenial
[  357.366986] cloud-init[978]: The key's randomart image is:

[[0;32m  OK  [0m] Reached target Sockets.
[[0;32m  OK  [0m] Reached target Basic System.
[  357.370958] cloud-init[978]: +---[DSA 1024]----+
         Starting LXD - container startup/shutdown...
         Starting LSB: MD monitoring daemon...
         Starting Pollinate to seed the pseudo random number generator...
         Starting Virtualbox guest utils...
         Starting Login Service...
[[0;32m  OK  [0m] Started FUSE filesystem for LXC.
         Starting Snappy daemon...
[[0;32m  OK  [0m] Started ACPI event daemon.
         Starting Accounts Service...
[[0;32m  OK  [0m] Started Deferred execution scheduler.
         Starting /etc/rc.local Compatibility...
[[0;32m  OK  [0m] Started D-Bus System Message Bus.
[  357.380337] cloud-init[978]: |=oo***+o         |
[  357.479782] cloud-init[978]: |.B*.B*o..        |
[  357.485159] cloud-init[978]: |+o+=.o= +        |
[  357.490696] cloud-init[978]: |== =.+ o .       |
[  357.497819] cloud-init[978]: |=.+ + + S .      |
[  357.500274] cloud-init[978]: |.o o o o o       |[[0;32m  OK  [0m] Started Regular background program processing daemon.
         Starting LSB: Record successful boot for GRUB...

[  357.540298]          Starting System Logging Service...
cloud-init[978]: [[0;32m  OK  [0m] Started /etc/rc.local Compatibility.
|  o E            |
[  357.599404] cloud-init[[0;32m  OK  [0m] Started Login Service.
[[0;32m  OK  [0m] Started Unattended Upgrades Shutdown.
[978]: |                 |
[[0;32m  OK  [0m] Started System Logging Service.
[  357.652438] cloud-init[978]: |                 |
[  357.657578] cloud-init[978]: +----[SHA256]-----+
[  357.660177] cloud-init[978]: Generating public/private ecdsa key pair.
[[0;32m  OK  [0m] Started LXD - container startup/shutdown.
[  357.692950] cloud-init[978]: Your identification has been saved in /etc/ssh/ssh_host_ecdsa_key.
[[0;32m  OK  [0m] Started iSCSI initiator daemon (iscsid).
[[0;32m  OK  [0m] Started LSB: Record successful boot for GRUB.
         Starting Login to default iSCSI targets...
[  357.703780] cloud-init[978]: Your public key has been saved in /etc/ssh/ssh_host_ecdsa_key.pub.
[  357.751317] cloud-init[978]: The key fingerprint is:
[  357.759703] cloud-init         Starting Authenticate and Authorize Users to Run Privileged Tasks...
[978]: SHA256:zBv4VDviLjAqV7xXX55tvlnETT0ZxdTrNgOjdOq/Iww root@ubuntu-xenial
[[0;32m  OK  [0m[  357.796634] cloud-init[978]: The key's randomart image is:
[  357.798634] cloud-init[978]: +---[ECDSA 256]---+
] Started Login to default iSCSI targets.
[[0;32m  OK  [0m] Reached target Remote File Systems (Pre).
[[0;32m  OK  [0m] Reached target Remote File Systems.
         Starting LSB: daemon to balance interrupts for SMP systems...
         Starting LSB: automatic crash report generation...
         Starting LSB: Set the CPU Frequency Scaling governor to "ondemand"...
         Starting Permit User Sessions...
[[0;32m  OK  [0m] Started LSB: MD monitoring daemon.
[[0;32m  OK  [0m] Started Permit User Sessions.
         Starting Terminate Plymouth Boot Screen...
         Starting Hold until boot process finishes up...
[[0;32m  OK  [0m] Started Hold until boot process finishes up.
[[0;32m  OK  [0m] Started Terminate Plymouth Boot Screen.
[[0;32m  OK  [0m] Started Serial Getty on ttyS0.
         Starting Set console scheme...
[[0;32m  OK  [0m] Started Getty on tty1.
[[0;32m  OK  [0m] Reached target Login Prompts.
[[0;32m  OK  [0m] Started Set console scheme.
[  357.909765] cloud-init[978]: |               +=|
[  357.917836] cloud-init[978]: |                *|
[  357.964434] cloud-init[978]: |          .    o+|
[  358.013269] cloud-init[978]: |       + . o + +o|
[  358.021892] cloud-init[978]: |   .  . S + + + +|
[  358.026016] cloud-init[978]: |    =  +.E +.  * |
[  358.034229] cloud-init[978]: |   o + .+.+o o. +|[[0;32m  OK  [0m] Started Authenticate and Authorize Users to Run Privileged Tasks.
[[0;32m  OK  [0m] Started Accounts Service.
[[0;32m  OK  [0m] Started LSB: daemon to balance interrupts for SMP systems.

[  358.079071] cloud-init[978]: |. o . o.  .+o.oo |
[  358.088811] cloud-init[978]: | o   . ..   o=*. |
[  358.091906] cloud-init[978]: +----[SHA256]-----+
[  358.094267] cloud-init[978]: Generating public/private ed25519 key pair.
[[0;32m  OK  [0m] Started LSB: automatic crash report generation.
[  358.109641] cloud-init[978]: Your identification has been saved in /etc/ssh/ssh_host_ed25519_key.
[  358.124515] cloud-init[978]: Your public key has been saved in /etc/ssh/ssh_host_ed25519_key.pub.
[  358.125735] cloud-init[978]: The key fingerprint is:
[  358.126581] cloud-init[978]: SHA256:jzCPhHx0nEHPQqH1jLr4YigtH1j7ZHRldGTRcp2lVmw root@ubuntu-xenial
[  358.127660] cloud-init[978]: The key's randomart image is:
[  358.131106] cloud-init[978]: +--[ED25519 256]--+
[  358.134069] cloud-init[978]: |       .Bo=o . +o|
[  358.139694] cloud-init[978]: |       * @. o ooE|
[  358.150107] cloud-init[978]: |      o O =o  o. |
[  358.206615] cloud-init[978]: |   . o = .   .   |
[  358.216305] cloud-init[978]: |  . + B S        |
[  358.221628] cloud-init[978]: | o o = * o       |
[  358.223944] cloud-init[978]: |..o.+ o o .      |
[  358.236975] cloud-init[978]: |o o=o.           |
[  358.237374] cloud-init[978]: | +.....          |
[  358.237800] cloud-init[978]: +----[SHA256]-----+
[[0;32m  OK  [0m] Started LSB: Set the CPU Frequency Scaling governor to "ondemand".
[[0;32m  OK  [0m] Started Virtualbox guest utils.
[[0;32m  OK  [0m] Started Snappy daemon.
         Starting Wait until snapd is fully seeded...

Ubuntu 16.04.6 LTS ubuntu-xenial ttyS0

ubuntu-xenial login: [  395.680508] cloud-init[1743]: Generating locales (this might take a while)...
[  397.031077] cloud-init[1743]:   en_US.UTF-8... done
[  397.032012] cloud-init[1743]: Generation complete.
[  397.299877] cloud-init[1743]: Cloud-init v. 19.4-33-gbb4131a2-0ubuntu1~16.04.1 running 'modules:config' at Tue, 10 Mar 2020 16:59:42 +0000. Up 395.54 seconds.
ci-info: no authorized SSH keys fingerprints found for user ubuntu.
<14>Mar 10 16:59:44 ec2: 
<14>Mar 10 16:59:44 ec2: #############################################################
<14>Mar 10 16:59:44 ec2: -----BEGIN SSH HOST KEY FINGERPRINTS-----
<14>Mar 10 16:59:44 ec2: 1024 SHA256:J3JkgwAyK8oSUWLbVHqxJDY9Ncg7uZCwJyZ1VqA/4tw root@ubuntu-xenial (DSA)
<14>Mar 10 16:59:44 ec2: 256 SHA256:zBv4VDviLjAqV7xXX55tvlnETT0ZxdTrNgOjdOq/Iww root@ubuntu-xenial (ECDSA)
<14>Mar 10 16:59:44 ec2: 256 SHA256:jzCPhHx0nEHPQqH1jLr4YigtH1j7ZHRldGTRcp2lVmw root@ubuntu-xenial (ED25519)
<14>Mar 10 16:59:44 ec2: 2048 SHA256:XoNMc0rnmjch0INuOMqqrz/eI13LfmW+GfFAmuBMn9g root@ubuntu-xenial (RSA)
<14>Mar 10 16:59:44 ec2: -----END SSH HOST KEY FINGERPRINTS-----
<14>Mar 10 16:59:44 ec2: #############################################################
-----BEGIN SSH HOST KEY KEYS-----
ecdsa-sha2-nistp256 AAAAE2VjZHNhLXNoYTItbmlzdHAyNTYAAAAIbmlzdHAyNTYAAABBBIrBb/ytD0btVPvi9V4j/LhRKznmHJMKKcTn5Iz3mI8r+1+oADYzNWzE3cyU1fIqtCmUhy0021OSyTBKsKl5MuQ= root@ubuntu-xenial
ssh-ed25519 AAAAC3NzaC1lZDI1NTE5AAAAIMf1hJsJq8bmSuWiExsBOHmixsy0lUpvFSagxxH8kj3u root@ubuntu-xenial
ssh-rsa AAAAB3NzaC1yc2EAAAADAQABAAABAQDo8l4ph5K0O/HOvwmWtZClwyORAcNjFKfmNcvoru8IqQ7uZwEvNKeTH5VqlXX8VdmQyacgsKJDNSWV4i1u4JnTxX/4x2kyt8/oI5ZJ/hVbTlfLWhaJCimEExP77oE5l2PlaxZnxZJnhLWZQib+UxavGY5K/kXLbnETHJi8AW9LoSjT+q9jz1kbuaEF1UbUlosA/7FHRClIhE4H7WQReV+gDFEtfmOb3qe1tAzukuztJ2r5Npai97FBWbZRI8zAcFGPSEwPlgSXPmKSYqzHZvi+B5XLY6jJqXFCnZazPioj9XxiVOcLEi5M1ziIxfAJ53idlcdO/+Wxwi5SmXEW1J1R root@ubuntu-xenial
-----END SSH HOST KEY KEYS-----
[  397.826622] cloud-init[2011]: Cloud-init v. 19.4-33-gbb4131a2-0ubuntu1~16.04.1 running 'modules:final' at Tue, 10 Mar 2020 16:59:44 +0000. Up 397.66 seconds.
[  397.827427] cloud-init[2011]: ci-info: no authorized SSH keys fingerprints found for user ubuntu.
[  397.827761] cloud-init[2011]: Cloud-init v. 19.4-33-gbb4131a2-0ubuntu1~16.04.1 finished at Tue, 10 Mar 2020 16:59:44 +0000. Datasource DataSourceNoCloud [seed=/dev/sdb][dsmode=net].  Up 397.81 seconds
