[    0.000000] Initializing cgroup subsys cpuset
[    0.000000] Initializing cgroup subsys cpu
[    0.000000] Initializing cgroup subsys cpuacct
[    0.000000] Linux version 4.4.0-174-generic (buildd@lcy01-amd64-027) (gcc version 5.4.0 20160609 (Ubuntu 5.4.0-6ubuntu1~16.04.12) ) #204-Ubuntu SMP Wed Jan 29 06:41:01 UTC 2020 (Ubuntu 4.4.0-174.204-generic 4.4.211)
[    0.000000] Command line: BOOT_IMAGE=/boot/vmlinuz-4.4.0-174-generic root=LABEL=cloudimg-rootfs ro console=tty1 console=ttyS0
[    0.000000] KERNEL supported cpus:
[    0.000000]   Intel GenuineIntel
[    0.000000]   AMD AuthenticAMD
[    0.000000]   Centaur CentaurHauls
[    0.000000] x86/fpu: xstate_offset[2]:  576, xstate_sizes[2]:  256
[    0.000000] x86/fpu: Supporting XSAVE feature 0x01: 'x87 floating point registers'
[    0.000000] x86/fpu: Supporting XSAVE feature 0x02: 'SSE registers'
[    0.000000] x86/fpu: Supporting XSAVE feature 0x04: 'AVX registers'
[    0.000000] x86/fpu: Enabled xstate features 0x7, context size is 832 bytes, using 'standard' format.
[    0.000000] e820: BIOS-provided physical RAM map:
[    0.000000] BIOS-e820: [mem 0x0000000000000000-0x000000000009fbff] usable
[    0.000000] BIOS-e820: [mem 0x000000000009fc00-0x000000000009ffff] reserved
[    0.000000] BIOS-e820: [mem 0x00000000000f0000-0x00000000000fffff] reserved
[    0.000000] BIOS-e820: [mem 0x0000000000100000-0x000000003ffeffff] usable
[    0.000000] BIOS-e820: [mem 0x000000003fff0000-0x000000003fffffff] ACPI data
[    0.000000] BIOS-e820: [mem 0x00000000fec00000-0x00000000fec00fff] reserved
[    0.000000] BIOS-e820: [mem 0x00000000fee00000-0x00000000fee00fff] reserved
[    0.000000] BIOS-e820: [mem 0x00000000fffc0000-0x00000000ffffffff] reserved
[    0.000000] NX (Execute Disable) protection: active
[    0.000000] SMBIOS 2.5 present.
[    0.000000] Hypervisor detected: KVM
[    0.000000] e820: last_pfn = 0x3fff0 max_arch_pfn = 0x400000000
[    0.000000] MTRR: Disabled
[    0.000000] x86/PAT: MTRRs disabled, skipping PAT initialization too.
[    0.000000] CPU MTRRs all blank - virtualized system.
[    0.000000] x86/PAT: Configuration [0-7]: WB  WT  UC- UC  WB  WT  UC- UC  
[    0.000000] found SMP MP-table at [mem 0x0009fff0-0x0009ffff] mapped at [ffff88000009fff0]
[    0.000000] Scanning 1 areas for low memory corruption
[    0.000000] RAMDISK: [mem 0x362e0000-0x37167fff]
[    0.000000] ACPI: Early table checksum verification disabled
[    0.000000] ACPI: RSDP 0x00000000000E0000 000024 (v02 VBOX  )
[    0.000000] ACPI: XSDT 0x000000003FFF0030 00003C (v01 VBOX   VBOXXSDT 00000001 ASL  00000061)
[    0.000000] ACPI: FACP 0x000000003FFF00F0 0000F4 (v04 VBOX   VBOXFACP 00000001 ASL  00000061)
[    0.000000] ACPI: DSDT 0x000000003FFF0470 002325 (v02 VBOX   VBOXBIOS 00000002 INTL 20100528)
[    0.000000] ACPI: FACS 0x000000003FFF0200 000040
[    0.000000] ACPI: FACS 0x000000003FFF0200 000040
[    0.000000] ACPI: APIC 0x000000003FFF0240 00005C (v02 VBOX   VBOXAPIC 00000001 ASL  00000061)
[    0.000000] ACPI: SSDT 0x000000003FFF02A0 0001CC (v01 VBOX   VBOXCPUT 00000002 INTL 20100528)
[    0.000000] No NUMA configuration found
[    0.000000] Faking a node at [mem 0x0000000000000000-0x000000003ffeffff]
[    0.000000] NODE_DATA(0) allocated [mem 0x3ffeb000-0x3ffeffff]
[    0.000000] kvm-clock: Using msrs 4b564d01 and 4b564d00
[    0.000000] kvm-clock: cpu 0, msr 0:3ffe3001, primary cpu clock
[    0.000000] kvm-clock: using sched offset of 6229325904 cycles
[    0.000000] clocksource: kvm-clock: mask: 0xffffffffffffffff max_cycles: 0x1cd42e4dffb, max_idle_ns: 881590591483 ns
[    0.000000] Zone ranges:
[    0.000000]   DMA      [mem 0x0000000000001000-0x0000000000ffffff]
[    0.000000]   DMA32    [mem 0x0000000001000000-0x000000003ffeffff]
[    0.000000]   Normal   empty
[    0.000000]   Device   empty
[    0.000000] Movable zone start for each node
[    0.000000] Early memory node ranges
[    0.000000]   node   0: [mem 0x0000000000001000-0x000000000009efff]
[    0.000000]   node   0: [mem 0x0000000000100000-0x000000003ffeffff]
[    0.000000] Initmem setup node 0 [mem 0x0000000000001000-0x000000003ffeffff]
[    0.000000] ACPI: PM-Timer IO Port: 0x4008
[    0.000000] IOAPIC[0]: apic_id 2, version 32, address 0xfec00000, GSI 0-23
[    0.000000] ACPI: INT_SRC_OVR (bus 0 bus_irq 0 global_irq 2 dfl dfl)
[    0.000000] ACPI: INT_SRC_OVR (bus 0 bus_irq 9 global_irq 9 low level)
[    0.000000] Using ACPI (MADT) for SMP configuration information
[    0.000000] smpboot: Allowing 2 CPUs, 0 hotplug CPUs
[    0.000000] PM: Registered nosave memory: [mem 0x00000000-0x00000fff]
[    0.000000] PM: Registered nosave memory: [mem 0x0009f000-0x0009ffff]
[    0.000000] PM: Registered nosave memory: [mem 0x000a0000-0x000effff]
[    0.000000] PM: Registered nosave memory: [mem 0x000f0000-0x000fffff]
[    0.000000] e820: [mem 0x40000000-0xfebfffff] available for PCI devices
[    0.000000] Booting paravirtualized kernel on KVM
[    0.000000] clocksource: refined-jiffies: mask: 0xffffffff max_cycles: 0xffffffff, max_idle_ns: 7645519600211568 ns
[    0.000000] setup_percpu: NR_CPUS:512 nr_cpumask_bits:512 nr_cpu_ids:2 nr_node_ids:1
[    0.000000] PERCPU: Embedded 33 pages/cpu @ffff88003fc00000 s95448 r8192 d31528 u1048576
[    0.000000] Built 1 zonelists in Node order, mobility grouping on.  Total pages: 257912
[    0.000000] Policy zone: DMA32
[    0.000000] Kernel command line: BOOT_IMAGE=/boot/vmlinuz-4.4.0-174-generic root=LABEL=cloudimg-rootfs ro console=tty1 console=ttyS0
[    0.000000] PID hash table entries: 4096 (order: 3, 32768 bytes)
[    0.000000] Memory: 997672K/1048120K available (8626K kernel code, 1336K rwdata, 4032K rodata, 1488K init, 1292K bss, 50448K reserved, 0K cma-reserved)
[    0.000000] SLUB: HWalign=64, Order=0-3, MinObjects=0, CPUs=2, Nodes=1
[    0.000000] Kernel/User page tables isolation: enabled
[    0.000000] Hierarchical RCU implementation.
[    0.000000] 	Build-time adjustment of leaf fanout to 64.
[    0.000000] 	RCU restricting CPUs from NR_CPUS=512 to nr_cpu_ids=2.
[    0.000000] RCU: Adjusting geometry for rcu_fanout_leaf=64, nr_cpu_ids=2
[    0.000000] NR_IRQS:33024 nr_irqs:440 16
[    0.000000] Console: colour VGA+ 80x25
[    0.000000] console [tty1] enabled
[    0.000000] console [ttyS0] enabled
[    0.000000] tsc: Detected 2112.000 MHz processor
[    0.614761] Calibrating delay loop (skipped) preset value.. 4224.00 BogoMIPS (lpj=8448000)
[    0.618965] pid_max: default: 32768 minimum: 301
[    0.621075] ACPI: Core revision 20150930
[    0.626661] ACPI: 2 ACPI AML tables successfully acquired and loaded
[    0.629922] Security Framework initialized
[    0.632840] Yama: becoming mindful.
[    0.635184] AppArmor: AppArmor initialized
[    0.638020] Dentry cache hash table entries: 131072 (order: 8, 1048576 bytes)
[    0.666795] Inode-cache hash table entries: 65536 (order: 7, 524288 bytes)
[    0.670670] Mount-cache hash table entries: 2048 (order: 2, 16384 bytes)
[    0.673208] Mountpoint-cache hash table entries: 2048 (order: 2, 16384 bytes)
[    0.677189] Initializing cgroup subsys io
[    0.679976] Initializing cgroup subsys memory
[    0.682353] Initializing cgroup subsys devices
[    0.684919] Initializing cgroup subsys freezer
[    0.687265] Initializing cgroup subsys net_cls
[    0.689597] Initializing cgroup subsys perf_event
[    0.692128] Initializing cgroup subsys net_prio
[    0.694818] Initializing cgroup subsys hugetlb
[    0.697784] Initializing cgroup subsys pids
[    0.702723] mce: CPU supports 0 MCE banks
[    0.706456] Last level iTLB entries: 4KB 64, 2MB 8, 4MB 8
[    0.710925] Last level dTLB entries: 4KB 64, 2MB 0, 4MB 0, 1GB 4
[    0.715834] Spectre V1 : Mitigation: usercopy/swapgs barriers and __user pointer sanitization
[    0.723007] Spectre V2 : Mitigation: Full generic retpoline
[    0.727195] Spectre V2 : Spectre v2 / SpectreRSB mitigation: Filling RSB on context switch
[    0.734115] Speculative Store Bypass: Vulnerable
[    0.738377] MDS: Vulnerable: Clear CPU buffers attempted, no microcode
[    0.753422] Freeing SMP alternatives memory: 36K
[    0.774427] ftrace: allocating 32305 entries in 127 pages
[    1.064662] smpboot: APIC(0) Converting physical 0 to logical package 0
[    1.069955] smpboot: Max logical packages: 1
[    1.074967] x2apic enabled
[    1.080674] Switched APIC routing to physical x2apic.
[    1.092790] ..TIMER: vector=0x30 apic1=0 pin1=2 apic2=-1 pin2=-1
[    1.206770] smpboot: CPU0: Intel(R) Core(TM) i7-8650U CPU @ 1.90GHz (family: 0x6, model: 0x8e, stepping: 0xa)
[    1.217957] Performance Events: unsupported p6 CPU model 142 no PMU driver, software events only.
[    1.271113] KVM setup paravirtual spinlock
[    1.278471] x86: Booting SMP configuration:
[    1.283994] .... node  #0, CPUs:      #1
[    1.288427] kvm-clock: cpu 1, msr 0:3ffe3041, secondary cpu clock
[    1.295633] mce: CPU supports 0 MCE banks
[    1.302957] x86: Booted up 1 node, 2 CPUs
[    1.308559] smpboot: Total of 2 processors activated (8448.00 BogoMIPS)
[    1.316732] devtmpfs: initialized
[    1.326334] evm: security.selinux
[    1.330176] evm: security.SMACK64
[    1.334045] evm: security.SMACK64EXEC
[    1.338018] evm: security.SMACK64TRANSMUTE
[    1.342465] evm: security.SMACK64MMAP
[    1.347111] evm: security.ima
[    1.350304] evm: security.capability
[    1.353689] clocksource: jiffies: mask: 0xffffffff max_cycles: 0xffffffff, max_idle_ns: 7645041785100000 ns
[    1.360855] futex hash table entries: 512 (order: 3, 32768 bytes)
[    1.364758] pinctrl core: initialized pinctrl subsystem
[    1.368251] RTC time: 16:43:38, date: 03/10/20
[    1.370834] NET: Registered protocol family 16
[    1.382727] cpuidle: using governor ladder
[    1.400345] cpuidle: using governor menu
[    1.402099] PCCT header not found.
[    1.403800] ACPI: bus type PCI registered
[    1.405707] acpiphp: ACPI Hot Plug PCI Controller Driver version: 0.5
[    1.408561] PCI: Using configuration type 1 for base access
[    1.428295] ACPI: Added _OSI(Module Device)
[    1.430404] ACPI: Added _OSI(Processor Device)
[    1.432714] ACPI: Added _OSI(3.0 _SCP Extensions)
[    1.435097] ACPI: Added _OSI(Processor Aggregator Device)
[    1.439345] ACPI: Executed 1 blocks of module-level executable AML code
[    1.448680] ACPI: Interpreter enabled
[    1.450446] ACPI: (supports S0 S5)
[    1.452114] ACPI: Using IOAPIC for interrupt routing
[    1.455262] PCI: Using host bridge windows from ACPI; if necessary, use "pci=nocrs" and report a bug
[    1.473437] ACPI: PCI Root Bridge [PCI0] (domain 0000 [bus 00-ff])
[    1.478186] acpi PNP0A03:00: _OSC: OS supports [ASPM ClockPM Segments MSI]
[    1.484392] acpi PNP0A03:00: _OSC: not requesting OS control; OS requires [ExtendedConfig ASPM ClockPM MSI]
[    1.492074] acpi PNP0A03:00: fail to add MMCONFIG information, can't access extended PCI configuration space under this bridge.
[    1.501837] PCI host bridge to bus 0000:00
[    1.504520] pci_bus 0000:00: root bus resource [io  0x0000-0x0cf7 window]
[    1.508731] pci_bus 0000:00: root bus resource [io  0x0d00-0xffff window]
[    1.513480] pci_bus 0000:00: root bus resource [mem 0x000a0000-0x000bffff window]
[    1.521334] pci_bus 0000:00: root bus resource [mem 0x40000000-0xfdffffff window]
[    1.528217] pci_bus 0000:00: root bus resource [bus 00-ff]
[    1.537504] pci 0000:00:01.1: legacy IDE quirk: reg 0x10: [io  0x01f0-0x01f7]
[    1.543137] pci 0000:00:01.1: legacy IDE quirk: reg 0x14: [io  0x03f6]
[    1.548218] pci 0000:00:01.1: legacy IDE quirk: reg 0x18: [io  0x0170-0x0177]
[    1.553859] pci 0000:00:01.1: legacy IDE quirk: reg 0x1c: [io  0x0376]
[    1.647096] pci 0000:00:07.0: quirk: [io  0x4000-0x403f] claimed by PIIX4 ACPI
[    1.659191] pci 0000:00:07.0: quirk: [io  0x4100-0x410f] claimed by PIIX4 SMB
[    1.704701] ACPI: PCI Interrupt Link [LNKA] (IRQs 5 9 10 *11)
[    1.716140] ACPI: PCI Interrupt Link [LNKB] (IRQs 5 9 *10 11)
[    1.727017] ACPI: PCI Interrupt Link [LNKC] (IRQs 5 *9 10 11)
[    1.734657] ACPI: PCI Interrupt Link [LNKD] (IRQs 5 9 10 *11)
[    1.739539] ACPI: Enabled 2 GPEs in block 00 to 07
[    1.743465] vgaarb: setting as boot device: PCI:0000:00:02.0
[    1.747011] vgaarb: device added: PCI:0000:00:02.0,decodes=io+mem,owns=io+mem,locks=none
[    1.751788] vgaarb: loaded
[    1.753802] vgaarb: bridge control possible 0000:00:02.0
[    1.757459] SCSI subsystem initialized
[    1.759824] ACPI: bus type USB registered
[    1.761935] usbcore: registered new interface driver usbfs
[    1.764958] usbcore: registered new interface driver hub
[    1.767123] usbcore: registered new device driver usb
[    1.769703] PCI: Using ACPI for IRQ routing
[    1.792347] NetLabel: Initializing
[    1.794706] NetLabel:  domain hash size = 128
[    1.796933] NetLabel:  protocols = UNLABELED CIPSOv4
[    1.799508] NetLabel:  unlabeled traffic allowed by default
[    1.802340] amd_nb: Cannot enumerate AMD northbridges
[    1.805119] clocksource: Switched to clocksource kvm-clock
[    1.887327] AppArmor: AppArmor Filesystem Enabled
[    1.891470] pnp: PnP ACPI init
[    1.897498] pnp: PnP ACPI: found 3 devices
[    1.924867] clocksource: acpi_pm: mask: 0xffffff max_cycles: 0xffffff, max_idle_ns: 2085701024 ns
[    1.932047] NET: Registered protocol family 2
[    1.936437] TCP established hash table entries: 8192 (order: 4, 65536 bytes)
[    1.940873] TCP bind hash table entries: 8192 (order: 5, 131072 bytes)
[    1.944627] TCP: Hash tables configured (established 8192 bind 8192)
[    1.948671] UDP hash table entries: 512 (order: 2, 16384 bytes)
[    1.952849] UDP-Lite hash table entries: 512 (order: 2, 16384 bytes)
[    1.956635] NET: Registered protocol family 1
[    1.959462] pci 0000:00:00.0: Limiting direct PCI/PCI transfers
[    1.962941] pci 0000:00:01.0: Activating ISA DMA hang workarounds
[    1.967357] Unpacking initramfs...
[    3.184002] Freeing initrd memory: 14880K
[    3.186991] clocksource: tsc: mask: 0xffffffffffffffff max_cycles: 0x1e71785e5dd, max_idle_ns: 440795244814 ns
[    3.192873] platform rtc_cmos: registered platform RTC device (no PNP device found)
[    3.198005] Scanning for low memory corruption every 60 seconds
[    3.203984] audit: initializing netlink subsys (disabled)
[    3.208550] audit: type=2000 audit(1583858627.214:1): initialized
[    3.214146] Initialise system trusted keyring
[    3.218215] HugeTLB registered 2 MB page size, pre-allocated 0 pages
[    3.227384] zbud: loaded
[    3.230243] VFS: Disk quotas dquot_6.6.0
[    3.232328] VFS: Dquot-cache hash table entries: 512 (order 0, 4096 bytes)
[    3.235744] squashfs: version 4.0 (2009/01/31) Phillip Lougher
[    3.238207] fuse init (API version 7.23)
[    3.240361] Key type big_key registered
[    3.242788] Allocating IMA MOK and blacklist keyrings.
[    3.249065] Key type asymmetric registered
[    3.251936] Asymmetric key parser 'x509' registered
[    3.255266] Block layer SCSI generic (bsg) driver version 0.4 loaded (major 249)
[    3.260372] io scheduler noop registered
[    3.263130] io scheduler deadline registered (default)
[    3.266298] io scheduler cfq registered
[    3.269258] pci_hotplug: PCI Hot Plug PCI Core version: 0.5
[    3.272731] pciehp: PCI Express Hot Plug Controller Driver version: 0.4
[    3.276934] ACPI: AC Adapter [AC] (off-line)
[    3.279918] input: Power Button as /devices/LNXSYSTM:00/LNXPWRBN:00/input/input0
[    3.284774] ACPI: Power Button [PWRF]
[    3.287623] input: Sleep Button as /devices/LNXSYSTM:00/LNXSLPBN:00/input/input1
[    3.292664] ACPI: Sleep Button [SLPF]
[    3.295786] GHES: HEST is not enabled!
[    3.298055] ACPI: Battery Slot [BAT0] (battery present)
[    3.302388] Serial: 8250/16550 driver, 32 ports, IRQ sharing enabled
[    3.327699] 00:02: ttyS0 at I/O 0x3f8 (irq = 4, base_baud = 115200) is a 16550A
[    3.335108] Linux agpgart interface v0.103
[    3.342193] loop: module loaded
[    3.349112] scsi host0: ata_piix
[    3.351782] scsi host1: ata_piix
[    3.354244] ata1: PATA max UDMA/33 cmd 0x1f0 ctl 0x3f6 bmdma 0xd000 irq 14
[    3.358291] ata2: PATA max UDMA/33 cmd 0x170 ctl 0x376 bmdma 0xd008 irq 15
[    3.362972] libphy: Fixed MDIO Bus: probed
[    3.366077] tun: Universal TUN/TAP device driver, 1.6
[    3.369660] tun: (C) 1999-2004 Max Krasnyansky <maxk@qualcomm.com>
[    3.373322] PPP generic driver version 2.4.2
[    3.376198] ehci_hcd: USB 2.0 'Enhanced' Host Controller (EHCI) Driver
[    3.380127] ehci-pci: EHCI PCI platform driver
[    3.383024] ehci-platform: EHCI generic platform driver
[    3.386465] ohci_hcd: USB 1.1 'Open' Host Controller (OHCI) Driver
[    3.390082] ohci-pci: OHCI PCI platform driver
[    3.392845] ohci-platform: OHCI generic platform driver
[    3.396255] uhci_hcd: USB Universal Host Controller Interface driver
[    3.400118] i8042: PNP: PS/2 Controller [PNP0303:PS2K,PNP0f03:PS2M] at 0x60,0x64 irq 1,12
[    3.406498] serio: i8042 KBD port at 0x60,0x64 irq 1
[    3.409748] serio: i8042 AUX port at 0x60,0x64 irq 12
[    3.413325] mousedev: PS/2 mouse device common for all mice
[    3.417643] input: AT Translated Set 2 keyboard as /devices/platform/i8042/serio0/input/input2
[    3.424156] rtc_cmos rtc_cmos: rtc core: registered rtc_cmos as rtc0
[    3.429466] rtc_cmos rtc_cmos: alarms up to one day, 114 bytes nvram
[    3.433723] i2c /dev entries driver
[    3.436714] device-mapper: uevent: version 1.0.3
[    3.440935] device-mapper: ioctl: 4.34.0-ioctl (2015-10-28) initialised: dm-devel@redhat.com
[    3.448260] ledtrig-cpu: registered to indicate activity on CPUs
[    3.454149] NET: Registered protocol family 10
[    3.458562] NET: Registered protocol family 17
[    3.461732] Key type dns_resolver registered
[    3.466679] registered taskstats version 1
[    3.470542] Loading compiled-in X.509 certificates
[    3.476367] Loaded X.509 cert 'Build time autogenerated kernel key: 2501974cc66248a18f8fa54aaac948a5171f77fb'
[    3.484039] zswap: loaded using pool lzo/zbud
[    3.491696] Key type trusted registered
[    3.503701] Key type encrypted registered
[    3.506878] AppArmor: AppArmor sha1 policy hashing enabled
[    3.511204] ima: No TPM chip found, activating TPM-bypass!
[    3.515608] ima: Allocated hash algorithm: sha1
[    3.550200] evm: HMAC attrs: 0x1
[    3.554016]   Magic number: 12:114:742
[    3.557477] rtc_cmos rtc_cmos: setting system clock to 2020-03-10 16:43:40 UTC (1583858620)
[    3.563582] BIOS EDD facility v0.16 2004-Jun-25, 0 devices found
[    3.567983] EDD information not available.
[    3.574831] Freeing unused kernel memory: 1488K
[    3.578568] Write protecting the kernel read-only data: 14336k
[    3.584836] Freeing unused kernel memory: 1604K
[    3.589535] Freeing unused kernel memory: 64K
Loading, please wait...
starting version 229
[    3.627844] random: systemd-udevd: uninitialized urandom read (16 bytes read, 5 bits of entropy available)
[    3.629847] random: udevadm: uninitialized urandom read (16 bytes read, 5 bits of entropy available)
[    3.629906] random: udevadm: uninitialized urandom read (16 bytes read, 5 bits of entropy available)
[    3.651379] random: systemd-udevd: uninitialized urandom read (16 bytes read, 5 bits of entropy available)
[    3.655265] random: udevadm: uninitialized urandom read (16 bytes read, 5 bits of entropy available)
[    3.655396] random: udevadm: uninitialized urandom read (16 bytes read, 5 bits of entropy available)
[    3.655896] random: udevadm: uninitialized urandom read (16 bytes read, 5 bits of entropy available)
[    3.656013] random: udevadm: uninitialized urandom read (16 bytes read, 5 bits of entropy available)
[    3.656123] random: udevadm: uninitialized urandom read (16 bytes read, 5 bits of entropy available)
[    3.656239] random: udevadm: uninitialized urandom read (16 bytes read, 5 bits of entropy available)
[    3.803481] e1000: Intel(R) PRO/1000 Network Driver - version 7.3.21-k8-NAPI
[    3.808709] e1000: Copyright (c) 1999-2006 Intel Corporation.
[    3.817350] Fusion MPT base driver 3.04.20
[    3.820432] Copyright (c) 1999-2008 LSI Corporation
[    3.841044] Fusion MPT SPI Host driver 3.04.20
[    3.883238] AVX2 version of gcm_enc/dec engaged.
[    3.887956] AES CTR mode by8 optimization enabled
[    4.032565] input: ImExPS/2 Generic Explorer Mouse as /devices/platform/i8042/serio1/input/input4
[    4.415882] e1000 0000:00:03.0 eth0: (PCI:33MHz:32-bit) 02:1b:c5:10:6b:e2
[    4.419847] e1000 0000:00:03.0 eth0: Intel(R) PRO/1000 Network Connection
[    4.425747] mptbase: ioc0: Initiating bringup
[    4.490003] ioc0: LSI53C1030 A0: Capabilities={Initiator}
[    4.658886] scsi host2: ioc0: LSI53C1030 A0, FwRev=00000000h, Ports=1, MaxQ=256, IRQ=20
[    4.780630] scsi 2:0:0:0: Direct-Access     VBOX     HARDDISK         1.0  PQ: 0 ANSI: 5
[    4.787788] scsi target2:0:0: Beginning Domain Validation
[    4.796597] scsi target2:0:0: Domain Validation skipping write tests
[    4.801556] scsi target2:0:0: Ending Domain Validation
[    4.813394] scsi target2:0:0: asynchronous
[    4.854062] scsi 2:0:1:0: Direct-Access     VBOX     HARDDISK         1.0  PQ: 0 ANSI: 5
[    4.860277] scsi target2:0:1: Beginning Domain Validation
[    4.867570] scsi target2:0:1: Domain Validation skipping write tests
[    4.872378] scsi target2:0:1: Ending Domain Validation
[    4.875974] scsi target2:0:1: asynchronous
[    4.900280] sd 2:0:0:0: Attached scsi generic sg0 type 0
[    4.950766] sd 2:0:0:0: [sda] 20971520 512-byte logical blocks: (10.7 GB/10.0 GiB)
[    4.958556] sd 2:0:0:0: [sda] Write Protect is off
[    4.963887] sd 2:0:0:0: [sda] Incomplete mode parameter data
[    4.968747] sd 2:0:0:0: [sda] Assuming drive cache: write through
[    4.975287] sd 2:0:1:0: [sdb] 20480 512-byte logical blocks: (10.5 MB/10.0 MiB)
[    4.981853] sd 2:0:1:0: [sdb] Write Protect is off
[    4.985448] sd 2:0:1:0: Attached scsi generic sg1 type 0
[    4.989900] sd 2:0:1:0: [sdb] Incomplete mode parameter data
[    4.994478] sd 2:0:1:0: [sdb] Assuming drive cache: write through
[    5.002477]  sda: sda1
[    5.007325] sd 2:0:0:0: [sda] Attached SCSI disk
[    5.014375] sd 2:0:1:0: [sdb] Attached SCSI disk
[    5.377767] e1000 0000:00:08.0 eth1: (PCI:33MHz:32-bit) 08:00:27:76:d7:e2
[    5.392343] e1000 0000:00:08.0 eth1: Intel(R) PRO/1000 Network Connection
[    5.399513] e1000 0000:00:03.0 enp0s3: renamed from eth0
[    5.417997] e1000 0000:00:08.0 enp0s8: renamed from eth1
Begin: Loading essential drivers ... [    7.669068] md: linear personality registered for level -1
[    7.678856] md: multipath personality registered for level -4
[    7.687640] md: raid0 personality registered for level 0
[    7.699779] md: raid1 personality registered for level 1
[    7.781173] raid6: sse2x1   gen()  3751 MB/s
[    7.849531] raid6: sse2x1   xor()  2888 MB/s
[    7.917172] raid6: sse2x2   gen()  4145 MB/s
[    7.985557] raid6: sse2x2   xor()  3846 MB/s
[    8.053373] raid6: sse2x4   gen()  5500 MB/s
[    8.121544] raid6: sse2x4   xor()  2791 MB/s
[    8.189482] raid6: avx2x1   gen()  5626 MB/s
[    8.257207] raid6: avx2x2   gen()  6497 MB/s
[    8.325191] raid6: avx2x4   gen()  8233 MB/s
[    8.328245] raid6: using algorithm avx2x4 gen() 8233 MB/s
[    8.332439] raid6: using avx2x2 recovery algorithm
[    8.338425] xor: automatically using best checksumming function:
[    8.381238]    avx       :  6764.000 MB/sec
[    8.388593] async_tx: api initialized (async)
[    8.423377] md: raid6 personality registered for level 6
[    8.427833] md: raid5 personality registered for level 5
[    8.431828] md: raid4 personality registered for level 4
[    8.458703] md: raid10 personality registered for level 10
done.
Begin: Running /scripts/init-premount ... done.
Begin: Mounting root file system ... Begin: Running /scripts/local-top ... done.
Begin: Running /scripts/local-premount ... [    8.565230] Btrfs loaded
Scanning for Btrfs filesystems
done.
Warning: fsck not present, so skipping root file system
[    8.618569] EXT4-fs (sda1): mounted filesystem with ordered data mode. Opts: (null)
done.
Begin: Running /scripts/local-bottom ... done.
Begin: Running /scripts/init-bottom ... done.
[    8.814548] systemd[1]: systemd 229 running in system mode. (+PAM +AUDIT +SELINUX +IMA +APPARMOR +SMACK +SYSVINIT +UTMP +LIBCRYPTSETUP +GCRYPT +GNUTLS +ACL +XZ -LZ4 +SECCOMP +BLKID +ELFUTILS +KMOD -IDN)
[    8.828145] systemd[1]: Detected virtualization oracle.
[    8.832463] systemd[1]: Detected architecture x86-64.

Welcome to [1mUbuntu 16.04.6 LTS[0m!

[    8.842328] systemd[1]: Set hostname to <ubuntu>.
[    8.851375] systemd[1]: Initializing machine ID from random generator.
[    8.855207] systemd[1]: Installed transient /etc/machine-id file.
[    9.167817] systemd[1]: Listening on Syslog Socket.
[[0;32m  OK  [0m] Listening on Syslog Socket.
[    9.175623] systemd[1]: Listening on LVM2 poll daemon socket.
[[0;32m  OK  [0m] Listening on LVM2 poll daemon socket.
[    9.182865] systemd[1]: Reached target User and Group Name Lookups.
[[0;32m  OK  [0m] Reached target User and Group Name Lookups.
[    9.190263] systemd[1]: Listening on udev Kernel Socket.
[[0;32m  OK  [0m] Listening on udev Kernel Socket.
[    9.197695] systemd[1]: Listening on Journal Audit Socket.
[[0;32m  OK  [0m] Listening on Journal Audit Socket.
[    9.205144] systemd[1]: Listening on Device-mapper event daemon FIFOs.
[[0;32m  OK  [0m] Listening on Device-mapper event daemon FIFOs.
[    9.213699] systemd[1]: Reached target Swap.
[[0;32m  OK  [0m] Reached target Swap.
[    9.219528] systemd[1]: Listening on Journal Socket.
[[0;32m  OK  [0m] Listening on Journal Socket.
[    9.225971] systemd[1]: Listening on udev Control Socket.
[[0;32m  OK  [0m] Listening on udev Control Socket.
[    9.232210] systemd[1]: Listening on LVM2 metadata daemon socket.
[[0;32m  OK  [0m] Listening on LVM2 metadata daemon socket.
[    9.240883] systemd[1]: Started Trigger resolvconf update for networkd DNS.
[[0;32m  OK  [0m] Started Trigger resolvconf update for networkd DNS.
[    9.251069] systemd[1]: Reached target Encrypted Volumes.
[[0;32m  OK  [0m] Reached target Encrypted Volumes.
[    9.259055] systemd[1]: Listening on Journal Socket (/dev/log).
[[0;32m  OK  [0m] Listening on Journal Socket (/dev/log).
[    9.266883] systemd[1]: Reached target System Time Synchronized.
[[0;32m  OK  [0m] Reached target System Time Synchronized.
[    9.275031] systemd[1]: Listening on /dev/initctl Compatibility Named Pipe.
[[0;32m  OK  [0m] Listening on /dev/initctl Compatibility Named Pipe.
[    9.284129] systemd[1]: Set up automount Arbitrary Executable File Formats File System Automount Point.
[[0;32m  OK  [0m] Set up automount Arbitrary Executab...ats File System Automount Point.
[    9.295228] systemd[1]: Created slice System Slice.
[[0;32m  OK  [0m] Created slice System Slice.
[    9.313414] systemd[1]: Starting Uncomplicated firewall...
         Starting Uncomplicated firewall...
[    9.322314] systemd[1]: Created slice system-serial\x2dgetty.slice.
[[0;32m  OK  [0m] Created slice system-serial\x2dgetty.slice.
[    9.338839] systemd[1]: Starting Journal Service...
         Starting Journal Service...
[    9.346729] systemd[1]: Starting Monitoring of LVM2 mirrors, snapshots etc. using dmeventd or progress polling...
         Starting Monitoring of LVM2 mirrors... dmeventd or progress polling...
[    9.384718] systemd[1]: Starting Create list of required static device nodes for the current kernel...
         Starting Create list of required st... nodes for the current kernel...
[    9.393271] systemd[1]: Mounting POSIX Message Queue File System...
         Mounting POSIX Message Queue File System...
[    9.422371] systemd[1]: Mounting Debug File System...
         Mounting Debug File System...
[    9.427488] systemd[1]: Starting Set console keymap...
         Starting Set console keymap...
[    9.435656] systemd[1]: Starting Nameserver information manager...
         Starting Nameserver information manager...
[    9.441792] systemd[1]: Mounting Huge Pages File System...
         Mounting Huge Pages File System...
[    9.451498] systemd[1]: Starting Load Kernel Modules...
         Starting Load Kernel Modules...
[    9.457266] systemd[1]: Created slice User and Session Slice.
[[0;32m  OK  [0m] Created slice User and Session Slice.
[    9.462241] systemd[1]: Reached target Slices.
[[0;32m  OK  [0m] Reached target Slices.
[    9.467520] systemd[1]: Starting Remount Root and Kernel File Systems...
[    9.473247] EXT4-fs (sda1): re-mounted. Opts: (null)
         Starting Remount Root and Kernel File Systems...
[    9.486757] systemd[1]: Started Forward Password Requests to Wall Directory Watch.
[    9.494483] Loading iSCSI transport class v2.0-870.
[[0;32m  OK  [0m] Started Forward Password Requests to Wall Directory Watch.
[    9.504195] random: nonblocking pool is initialized
[    9.524781] systemd[1]: Mounted Debug File System.
[[0;32m  OK  [0m] Mounted Debug File System.
[    9.537558] iscsi: registered transport (tcp)
[    9.543224] systemd[1]: Mounted POSIX Message Queue File System.
[[0;32m  OK  [0m] Mounted POSIX Message Queue File System.
[    9.549875] systemd[1]: Mounted Huge Pages File System.
[[0;32m  OK  [0m] Mounted Huge Pages File System.
[    9.555695] systemd[1]: Started Journal Service.
[[0;32m  OK  [0m] Started Journal Service.
[[0;32m  OK  [0m] Started Uncomplicated firewall.
[[0;32m  OK  [0m] Started Create list of required sta...ce nodes for the current kernel.
[[0;32m  OK  [0m] Started Remount Root and Kernel File Systems.
[[0;32m  OK  [0m] Started Nameserver information manager.
[[0;32m  OK  [0m] Started LVM2 metadata daemon.
         Starting Load/Save Random Seed...
         Starting udev Coldplug all Devices...
         Starting Create Static Device Nodes in /dev...
         Starting Flush Journal to Persistent Storage...
[[0;32m  OK  [0m] Started Load/Save Random Seed.
[    9.712897] systemd-journald[371]: Received request to flush runtime journal from PID 1
[[0;32m  OK  [0m] Started Set console keymap.
[[0;32m  OK  [0m] Started Flush Journal to Persistent Storage.
[    9.742116] iscsi: registered transport (iser)
[[0;32m  OK  [0m] Started Load Kernel Modules.
         Starting Apply Kernel Variables...
         Mounting FUSE Control File System...
[[0;32m  OK  [0m] Mounted FUSE Control File System.
[[0;32m  OK  [0m] Started Create Static Device Nodes in /dev.
         Starting udev Kernel Device Manager...
[[0;32m  OK  [0m] Started Apply Kernel Variables.
[[0;32m  OK  [0m] Started udev Kernel Device Manager.
[[0;32m  OK  [0m] Started udev Coldplug all Devices.
[[0;32m  OK  [0m] Started Dispatch Password Requests to Console Directory Watch.
[[0;32m  OK  [0m] Started Monitoring of LVM2 mirrors,...ng dmeventd or progress polling.
[[0;32m  OK  [0m] Reached target Local File Systems (Pre).
[[0;32m  OK  [0m] Reached target Local File Systems.
         Starting Set console font and keymap...
         Starting Tell Plymouth To Write Out Runtime Data...
         Starting LSB: AppArmor initialization...
         Starting Initial cloud-init job (pre-networking)...
         Starting Create Volatile Files and Directories...
         Starting Commit a transient machine-id on disk...
[[0;32m  OK  [0m] Started Tell Plymouth To Write Out Runtime Data.
[[0;32m  OK  [0m] Started Create Volatile Files and Directories.
[[0;32m  OK  [0m] Started Commit a transient machine-id on disk.
         Starting Update UTMP about System Boot/Shutdown...
[[0;32m  OK  [0m] Found device /dev/ttyS0.
[[0;32m  OK  [0m] Started Update UTMP about System Boot/Shutdown.
[[0;32m  OK  [0m] Listening on Load/Save RF Kill Switch Status /dev/rfkill Watch.
[   14.857849] cloud-init[499]: Cloud-init v. 19.4-33-gbb4131a2-0ubuntu1~16.04.1 running 'init-local' at Tue, 10 Mar 2020 16:43:51 +0000. Up 13.34 seconds.
[[0;32m  OK  [0m] Started Initial cloud-init job (pre-networking).
[[0;32m  OK  [0m] Reached target Network (Pre).
[[0;32m  OK  [0m] Started LSB: AppArmor initialization.
         Starting Raise network interfaces...
[[0;32m  OK  [0m] Started Set console font and keymap.
[[0;32m  OK  [0m] Created slice system-getty.slice.
[[0;32m  OK  [0m] Started Raise network interfaces.
         Starting Initial cloud-init job (metadata service crawler)...
[[0;32m  OK  [0m] Reached target Network.
[   20.105617] cloud-init[970]: Cloud-init v. 19.4-33-gbb4131a2-0ubuntu1~16.04.1 running 'init' at Tue, 10 Mar 2020 16:43:56 +0000. Up 18.52 seconds.
[   20.109926] cloud-init[970]: ci-info: ++++++++++++++++++++++++++++++++++++++Net device info+++++++++++++++++++++++++++++++++++++++
[   20.113127] cloud-init[970]: ci-info: +--------+-------+----------------------------+---------------+--------+-------------------+
[   20.121094] cloud-init[970]: ci-info: | Device |   Up  |          Address           |      Mask     | Scope  |     Hw-Address    |
[   20.128958] cloud-init[970]: ci-info: +--------+-------+----------------------------+---------------+--------+-------------------+
[   20.132282] cloud-init[970]: ci-info: | enp0s3 |  True |         10.0.2.15          | 255.255.255.0 | global | 02:1b:c5:10:6b:e2 |
[   20.141711] cloud-init[970]: ci-info: | enp0s3 |  True | fe80::1b:c5ff:fe10:6be2/64 |       .       |  link  | 02:1b:c5:10:6b:e2 |
[   20.153352] cloud-init[970]: ci-info: | enp0s8 | False |             .              |       .       |   .    | 08:00:27:76:d7:e2 |
[   20.157534] cloud-init[970]: ci-info: |   lo   |  True |         127.0.0.1          |   255.0.0.0   |  host  |         .         |
[   20.165040] cloud-init[970]: ci-info: |   lo   |  True |          ::1/128           |       .       |  host  |         .         |
[   20.172865] cloud-init[970]: ci-info: +--------+-------+----------------------------+---------------+--------+-------------------+
[   20.176672] cloud-init[970]: ci-info: +++++++++++++++++++++++++++Route IPv4 info++++++++++++++++++++++++++++
[   20.185458] cloud-init[970]: ci-info: +-------+-------------+----------+---------------+-----------+-------+
[   20.193211] cloud-init[970]: ci-info: | Route | Destination | Gateway  |    Genmask    | Interface | Flags |
[   20.197000] cloud-init[970]: ci-info: +-------+-------------+----------+---------------+-----------+-------+
[   20.200240] cloud-init[970]: ci-info: |   0   |   0.0.0.0   | 10.0.2.2 |    0.0.0.0    |   enp0s3  |   UG  |
[   20.208948] cloud-init[970]: ci-info: |   1   |   10.0.2.0  | 0.0.0.0  | 255.255.255.0 |   enp0s3  |   U   |
[   20.217422] cloud-init[970]: ci-info: +-------+-------------+----------+---------------+-----------+-------+
[   20.220803] cloud-init[970]: ci-info: +++++++++++++++++++Route IPv6 info+++++++++++++++++++
[   20.223782] cloud-init[970]: ci-info: +-------+-------------+---------+-----------+-------+
[   20.233045] cloud-init[970]: ci-info: | Route | Destination | Gateway | Interface | Flags |
[   20.236062] cloud-init[970]: ci-info: +-------+-------------+---------+-----------+-------+
[   20.244743] cloud-init[970]: ci-info: |   0   |  fe80::/64  |    ::   |   enp0s3  |   U   |
[   20.253519] cloud-init[970]: ci-info: |   4   |   ff00::/8  |    ::   |   enp0s3  |   U   |
[[0;32m  OK  [0m] Started Initial cloud-init job (metadata service crawler).
[[0;32m  OK  [0m] Reached target System Initialization.
[[0;32m  OK  [0m] Listening on ACPID Listen Socket.
[   20.264634] cloud-init[970]: ci-info: +-------+-------------+---------+-----------+-------+
[   20.269783] cloud-init[970]: Generating public/private rsa key pair.
[   20.276907] cloud-init[970]: Your identification has been saved in /etc/ssh/ssh_host_rsa_key.
[   20.284811] cloud-init[970]: Your public key has been saved in /etc/ssh/ssh_host_rsa_key.pub.
[   20.293032] cloud-init[970]: The key fingerprint is:
[   20.300553] cloud-init[970]: SHA256:ImRKSRmBm90BYjNJR1ydmHq6atg9sfhuKO6UHCjNtNU root@ubuntu-xenial
[   20.308511] cloud-init[970]: The key's randomart image is:
[   20.316745]          Starting LXD - unix socket.
[[0;32m  OK  [0m] Started Message of the Day.
cloud-init[970]: +---[RSA 2048]----+
[   20.320911] [[0;32m  OK  [0m] Listening on D-Bus System Message Bus Socket.
         Starting Socket activation for snappy daemon.
[[0;32m  OK  [0m] Listening on UUID daemon activation socket.
[[0;32m  OK  [0m] Started Daily apt download activities.
cloud-init[970]: |o*OB..+ .        |
[[0;32m  OK  [0m] Started ACPI Events Check.
[[0;32m  OK  [0m] Reached target Paths.
[[0;32m  OK  [0m] Started Daily Cleanup of Temporary Directories.
[[0;32m  OK  [0m] Started Daily apt upgrade and clean activities.
[[0;32m  OK  [0m] Reached target Timers.
[[0;32m  OK  [0m] Reached target Cloud-config availability.
[[0;32m  OK  [0m] Reached target Network is Online.
[   20.333994] cloud-init[970]: |o+=o.+ o         |
[   20.335799] cloud-init[970]: | ++.=.E          |
[   20.337711] cloud-init[970]: |+=.B..           |
[   20.339403] cloud-init[970]: |o.= + . S        |         
Starting iSCSI initiator daemon (iscsid)...
[   20.342218] [[0;32m  OK  [0m] Listening on LXD - unix socket.
[[0;32m  OK  [0m] Listening on Socket activation for snappy daemon.
cloud-init[970]: |o o... .         |
[[0;32m  OK  [0m] Reached target Sockets.
[[0;32m  OK  [0m] Reached target Basic System.
[[0;32m  OK  [0m] Started ACPI event daemon.
[   20.353239] cloud-init         Starting Pollinate to seed the pseudo random number generator...
         [970]: |.= +.o           |
[   20.359357] cloud-init[970]: |+.+.=            |
Starting LXD - container startup/shutdown...
[[0;32m  OK  [0m] Started Deferred execution scheduler.
[   20.365070] [[0;32m  OK  [0m] Started FUSE filesystem for LXC.
cloud-init[970]: |+=.+o.           |
[   20.377273]          Starting System Logging Service...
         Starting Virtualbox guest utils...
cloud-init[970]:          Starting Snappy daemon...
[[0;32m  OK  [0m] Started D-Bus System Message Bus.
+----[SHA256]-----+
[   20.400855] cloud-init[970]: Generating public/private dsa key pair.
[   20.404365] cloud-init[970]: Your identification has been saved in /etc/ssh/ssh_host_dsa_key.
[   20.417940] cloud-init[970]: Your public key has been saved in /etc/ssh/ssh_host_dsa_key.pub.
[   20.427282] cloud-init[970]: The key fingerprint is:
[   20.441244] cloud-init[970]: SHA256:Fqc8pa7TfvW6AU/WhVEpn7EDgPEmZUWMELk3Xwus0V4 root@ubuntu-xenial
[   20.445467] cloud-init[970]: The key's randomart image is:
[   20.448570] cloud-init[970]: +---[DSA 1024]----+
[   20.451514] cloud-init[970]: |         +*+*o..o|
[   20.462421] cloud-init[970]: |         o+. + = |
[   20.466976] cloud-init[970]: |        ..+oo = =|
[   20.470922] cloud-init[970]: |       . Bo+ = E |
[   20.482215]          Starting LSB: Record successful boot for GRUB...
cloud-init[970]: |        S o O = o|
         Starting LSB: MD monitoring daemon...
         Starting Login Service...
[[0;32m  OK  [0m] Started Regular background program processing daemon.
         Starting /etc/rc.local Compatibility...
         Starting Accounts Service...
[[0;32m  OK  [0m] Started System Logging Service.
[[0;32m  OK  [0m] Started /etc/rc.local Compatibility.
[   20.510634] cloud-init[970]: |       o . *.o . |
[[0;32m  OK  [0m] Started iSCSI initiator daemon (iscsid).
[   20.677781] cloud-init[970]:          Starting Login to default iSCSI targets...
|       ..  .o.   |
[   20.781346] cloud-init[970]: |      ... .  ..  |
[[0;32m  OK  [0m] Started Login Service.
[[0;32m  OK  [0m] Started Unattended Upgrades Shutdown.
[   20.788974] cloud-init[970]: |      .o..  oo   |
[   20.894064] cloud-init[970]: +----[SHA256]-----+
[   20.897285] cloud-init[970]: Generating public/private ecdsa key pair.
[   20.900939] cloud-init[970]: Your identification has been saved in /etc/ssh/ssh_host_ecdsa_key.
[   20.939315] cloud-init[970]: Your public key has been saved in /etc/ssh/ssh_host_ecdsa_key.pub.
[   20.943286] cloud-init[970]: The key fingerprint is:
[[0;32m  OK  [0m] Started LSB: Record successful boot for GRUB.
[   20.953408] cloud-init[970]: SHA256:ePlei3E18MuKgTHc9y/5YlY1TszCzsT+As6qQTkMJPY root@ubuntu-xenial
[   20.959129] cloud-init[970]: The key's randomart image is:
[   20.968673] [[0;32m  OK  [0m] Started Login to default iSCSI targets.
[[0;32m  OK  [0m] Started LSB: MD monitoring daemon.
[[0;32m  OK  [0m] Reached target Remote File Systems (Pre).
cloud-init[970]: +---[ECDSA 256]---+
[   21.009826] cloud-init[[0;32m  OK  [0m] Reached target Remote File Systems.
[970]: |   o .           |
[   21.014957] cloud-init[970]: |  . +            |
[   21.017598] cloud-init[970]: |     E      + o  |
[   21.021020] cloud-init[970]: |      oo.o   B =.|
[   21.024680]          Starting LSB: Set the CPU Frequency Scaling governor to "ondemand"...
         Starting LSB: automatic crash report generation...
         Starting Permit User Sessions...
         Starting LSB: daemon to balance interrupts for SMP systems...
[[0;32m  OK  [0m] Started Permit User Sessions.
cloud-init[970]: |      .=S . * B o|
[   21.100665] cloud-init[970]: |      ...= o B +.|
[   21.105682] cloud-init[970]: |       .. * + =o |
[   21.112633]          Starting Terminate Plymouth Boot Screen...
cloud-init[970]: |        .. X +*o |
[   21.117211] cloud-init[970]:          Starting Hold until boot process finishes up...
[[0;32m  OK  [0m] Started LXD - container startup/shutdown.
|       ...= oo.+o|
[   21.170230] [[0;32m  OK  [0m] Started Terminate Plymouth Boot Screen.
cloud-init[970]: +----[SHA256]-----+[
[0;32m  OK  [0m] Started Hold until boot process finishes up.
[   21.175102] cloud-init[970]: Generating public/private ed25519 key pair.
[   21.185419] cloud-init[970]: Your identification has been saved in /etc/ssh/ssh_host_ed25519_key.
[   21.237929] [[0;32m  OK  [0m] Started Serial Getty on ttyS0.
cloud-init[970]: Your public key has been saved in /etc/ssh/ssh_host_ed25519_key.pub.
[   21.243635] [[0;32m  OK  [0m] Started Getty on tty1.
[[0;32m  OK  [0m] Reached target Login Prompts.
         Starting Set console scheme...
cloud-init[970]: The key fingerprint is:
[   21.250515] cloud-init[970]: SHA256:FMpGXMGj+61D5/eCDZAS7/ePkrY4X6BsCiCyqaKP1Xc root@ubuntu-xenial
[   21.261002] cloud-init[970]: The key's randomart image is:
[   21.263950] cloud-init[970]: +--[ED25519 256]--+
[   21.266808] cloud-init[[0;32m  OK  [0m] Started Set console scheme.
[970]: |     ..o+.       |
[   21.326444] cloud-init[970]: |     oo.o.       |
         Starting Authenticate and Authorize Users to Run Privileged Tasks...
[   21.345311] cloud-init[970]: |      ++.o       |
[   21.396723] cloud-init[970]: |     .o.+        |
[   21.429906] [cloud-init[0;32m  OK  [0m[970]: ] |o .    +S..      |Started LSB: Set the CPU Frequency Scaling governor to "ondemand".

[   21.434339] [[0;32m  OK  [0m] Started LSB: automatic crash report generation.
cloud-init[970]: |.+ o  ..o.+.     |
[   21.487432] cloud-init[970]: |o . o .oE= *.    |
[   21.495296] cloud-init[970]: |oo   o ++.B.=.   |
[   21.544791] cloud-init[970]: |*..   . o*o+.+o  |
[   21.557599] cloud-init[970]: +----[SHA256]-----+
[[0;32m  OK  [0m] Started Authenticate and Authorize Users to Run Privileged Tasks.
[[0;32m  OK  [0m] Started Accounts Service.
[[0;32m  OK  [0m] Started LSB: daemon to balance interrupts for SMP systems.
[[0;32m  OK  [0m] Started Virtualbox guest utils.
[[0;32m  OK  [0m] Started Snappy daemon.
         Starting Wait until snapd is fully seeded...
[[0;32m  OK  [0m] Started Pollinate to seed the pseudo random number generator.
         Starting OpenBSD Secure Shell server...
[[0;32m  OK  [0m] Started OpenBSD Secure Shell server.
[[0;32m  OK  [0m] Created slice User Slice of vagrant.
         Starting User Manager for UID 1000...
[[0;32m  OK  [0m] Started Session 1 of user vagrant.
[[0;32m  OK  [0m] Started User Manager for UID 1000.

Ubuntu 16.04.6 LTS ubuntu-xenial ttyS0

ubuntu-xenial login: [   33.835424] cloud-init[1598]: Generating locales (this might take a while)...
[   37.464420] cloud-init[1598]:   en_US.UTF-8... done
[   37.466300] cloud-init[1598]: Generation complete.
[   38.266907] cloud-init[1598]: Cloud-init v. 19.4-33-gbb4131a2-0ubuntu1~16.04.1 running 'modules:config' at Tue, 10 Mar 2020 16:44:11 +0000. Up 33.34 seconds.
ci-info: no authorized SSH keys fingerprints found for user ubuntu.
<14>Mar 10 16:44:17 ec2: 
<14>Mar 10 16:44:17 ec2: #############################################################
<14>Mar 10 16:44:17 ec2: -----BEGIN SSH HOST KEY FINGERPRINTS-----
<14>Mar 10 16:44:17 ec2: 1024 SHA256:Fqc8pa7TfvW6AU/WhVEpn7EDgPEmZUWMELk3Xwus0V4 root@ubuntu-xenial (DSA)
<14>Mar 10 16:44:17 ec2: 256 SHA256:ePlei3E18MuKgTHc9y/5YlY1TszCzsT+As6qQTkMJPY root@ubuntu-xenial (ECDSA)
<14>Mar 10 16:44:17 ec2: 256 SHA256:FMpGXMGj+61D5/eCDZAS7/ePkrY4X6BsCiCyqaKP1Xc root@ubuntu-xenial (ED25519)
<14>Mar 10 16:44:17 ec2: 2048 SHA256:ImRKSRmBm90BYjNJR1ydmHq6atg9sfhuKO6UHCjNtNU root@ubuntu-xenial (RSA)
<14>Mar 10 16:44:17 ec2: -----END SSH HOST KEY FINGERPRINTS-----
<14>Mar 10 16:44:17 ec2: #############################################################
-----BEGIN SSH HOST KEY KEYS-----
ecdsa-sha2-nistp256 AAAAE2VjZHNhLXNoYTItbmlzdHAyNTYAAAAIbmlzdHAyNTYAAABBBM+Ac8ec+ApWOqlcj+lZ4+ohOyGBN065Kg32KLUqIQfNj12JbW62VuE5Dhfc/cqYhIx+vfVKSiUI66PKapaCjY4= root@ubuntu-xenial
ssh-ed25519 AAAAC3NzaC1lZDI1NTE5AAAAIPZEfmJcSlvkpA2LhZF3ITrNIvmcqMA+BekDwbnx/Jjc root@ubuntu-xenial
ssh-rsa AAAAB3NzaC1yc2EAAAADAQABAAABAQCoK42F5MmnfEdLN+yvADKe31u65lWkwSEJ3j3gsjtoHsJP9RW0ldaAf1jLAs36Gc/aUWlx0AtmlG+78J4OcvBX7hL4p98GlmSTJBLrR/3NLWK6xjs4gWSBEwKRuWfyRgpZRiw2X7DWZYdcMHUHmyX/cCV9FjFHPzIYZOhveqTXL+KAh8vBKaJU5zwS1gd5F/GbvhT9K6L/HEBLBj38JXmFdolk1v0OYih/n1f3YYHVeASA0eWv1gAw5tPRAzgFNgy8f0sTF6i1s28CpAgQ+pTb/WS68BZoKToIxonTjZ+gXLcvPcpsPXEvOyb78gUEQbR5OEtVwMjLyBPfanWlLFKF root@ubuntu-xenial
-----END SSH HOST KEY KEYS-----
[   40.019344] cloud-init[1982]: Cloud-init v. 19.4-33-gbb4131a2-0ubuntu1~16.04.1 running 'modules:final' at Tue, 10 Mar 2020 16:44:17 +0000. Up 39.51 seconds.
[   40.019927] cloud-init[1982]: ci-info: no authorized SSH keys fingerprints found for user ubuntu.
[   40.021119] cloud-init[1982]: Cloud-init v. 19.4-33-gbb4131a2-0ubuntu1~16.04.1 finished at Tue, 10 Mar 2020 16:44:17 +0000. Datasource DataSourceNoCloud [seed=/dev/sdb][dsmode=net].  Up 39.99 seconds
[[0;32m  OK  [0m] Stopped target Graphical Interface.
         Stopping Accounts Service...
         Stopping User Manager for UID 1000...
[[0;32m  OK  [0m] Stopped target Timers.
[[0;32m  OK  [0m] Stopped Daily Cleanup of Temporary Directories.
[[0;32m  OK  [0m] Closed Load/Save RF Kill Switch Status /dev/rfkill Watch.
[[0;32m  OK  [0m] Stopped target Cloud-init target.
         Stopping Session 3 of user vagrant.
         Stopping Authenticate and Authorize Users to Run Privileged Tasks...
[[0;32m  OK  [0m] Stopped          Stopping Serial Getty on ttyS0...
         Stopping LSB: Record successful boot for GRUB...
         Stopping Regular background program processing daemon...
         Stopping LSB: daemon to balance interrupts for SMP systems...
         Stopping D-Bus System Message Bus...
         Stopping FUSE filesystem for LXC...
         Stopping ACPI event daemon...
         Stopping Getty on tty1...
         Stopping LSB: MD monitoring daemon...
[[0;32m  OK  [0m] Stopped Message of the Day.
         Stopping LSB: automatic crash report generation...
         Stopping Session 5 of user vagrant.
[[0;32m  OK  [0m] Stopped Daily apt upgrade and clean activities.
[[0;32m  OK  [0m] Stopped Daily apt download activities.
[[0;32m  OK  [0m] Stopped target System Time Synchronized.
         Stopping LXD - container startup/shutdown...
         Stopping OpenBSD Secure Shell server...
         Stopping Deferred execution scheduler...
         Stopping LSB: Set the CPU Frequency Scaling governor to "ondemand"...
[[0;32m  OK  [0m] Stopped Apply the settings specified in cloud-config.
[[0;32m  OK  [0m] Stopped Wait until snapd is fully seeded.
[[0;32m  OK  [0m] Stopped target Cloud-config availability.
         Stopping Unattended Upgrades Shutdown...
         Stopping Virtualbox guest utils...
[[0;32m  OK  [0m] Unmounted /var/lib/lxcfs.
[[0;32m  OK  [0m] Stopped ACPI event daemon.
[[0;32m  OK  [0m] Stopped Deferred execution scheduler.
[[0;32m  OK  [0m] Stopped System Logging Service.
[[0;32m  OK  [0m] Stopped Regular background program processing daemon.
[[0;32m  OK  [0m] Stopped Accounts Service.
[[0;32m  OK  [0m] Stopped Unattended Upgrades Shutdown.
[[0;32m  OK  [0m] Stopped Serial Getty on ttyS0.
[[0;32m  OK  [0m] Stopped Getty on tty1.
[[0;32m  OK  [0m] Stopped Authenticate and Authorize Users to Run Privileged Tasks.
[[0;32m  OK  [0m] Stopped OpenBSD Secure Shell server.
[[0;32m  OK  [0m] Stopped User Manager for UID 1000.
[[0;32m  OK  [0m] Stopped Session 3 of user vagrant.
[[0;32m  OK  [0m] Stopped D-Bus System Message Bus.
[[0;32m  OK  [0m] Stopped Session 5 of user vagrant.
[[0;32m  OK  [0m] Stopped FUSE filesystem for LXC.
[[0;32m  OK  [0m] Stopped LSB: Record successful boot for GRUB.
[[0;32m  OK  [0m] Stopped LSB: daemon to balance interrupts for SMP systems.
[[0;32m  OK  [0m] Stopped LSB: MD monitoring daemon.
[[0;32m  OK  [0m] Stopped LXD - container startup/shutdown.
[[0;32m  OK  [0m] Stopped LSB: Set the CPU Frequency Scaling governor to "ondemand".
[[0;32m  OK  [0m] Stopped LSB: automatic crash report generation.
[[0;32m  OK  [0m] Removed slice User Slice of vagrant.
[[0;32m  OK  [0m] Removed slice system-getty.slice.
[[0;32m  OK  [0m] Removed slice system-serial\x2dgetty.slice.
         Stopping Permit User Sessions...
[[0;32m  OK  [0m] Stopped /etc/rc.local Compatibility.
         Stopping Login Service...
[[0;32m  OK  [0m] Stopped Virtualbox guest utils.
[[0;32m  OK  [0m] Stopped Permit User Sessions.
[[0;32m  OK  [0m] Stopped target Remote File Systems.
[[0;32m  OK  [0m] Stopped target Remote File Systems (Pre).
         Stopping Login to default iSCSI targets...
[[0;32m  OK  [0m] Stopped Login Service.
[[0;32m  OK  [0m] Stopped target Basic System.
[[0;32m  OK  [0m] Stopped target Slices.
[[0;32m  OK  [0m] Stopped target Sockets.
[[0;32m  OK  [0m] Closed ACPID Listen Socket.
[[0;32m  OK  [0m] Closed Syslog Socket.
[[0;32m  OK  [0m] Closed LXD - unix socket.
[[0;32m  OK  [0m] Closed Socket activation for snappy daemon.
[[0;32m  OK  [0m] Closed UUID daemon activation socket.
[[0;32m  OK  [0m] Stopped target Paths.
[[0;32m  OK  [0m] Stopped Forward Password Requests to Wall Directory Watch.
[[0;32m  OK  [0m] Stopped Dispatch Password Requests to Console Directory Watch.
[[0;32m  OK  [0m] Stopped ACPI Events Check.
[[0;32m  OK  [0m] Removed slice User and Session Slice.
[[0;32m  OK  [0m] Stopped target User and Group Name Lookups.
[[0;32m  OK  [0m] Closed D-Bus System Message Bus Socket.
[[0;32m  OK  [0m] Stopped target System Initialization.
[[0;32m  OK  [0m] Stopped Commit a transient machine-id on disk.
         Stopping Update UTMP about System Boot/Shutdown...
[[0;32m  OK  [0m] Stopped target Encrypted Volumes.
[[0;32m  OK  [0m] Stopped target Swap.
         Stopping Load/Save Random Seed...
[[0;32m  OK  [0m] Stopped Load/Save Random Seed.
[[0;32m  OK  [0m] Stopped Update UTMP about System Boot/Shutdown.
[[0;32m  OK  [0m] Stopped Login to default iSCSI targets.
         Stopping iSCSI initiator daemon (iscsid)...
[[0;32m  OK  [0m] Stopped Create Volatile Files and Directories.
[[0;32m  OK  [0m] Stopped iSCSI initiator daemon (iscsid).
[[0;32m  OK  [0m] Stopped target Network is Online.
[[0;32m  OK  [0m] Stopped Initial cloud-init job (metadata service crawler).
[[0;32m  OK  [0m] Stopped target Network.
         Stopping Raise network interfaces...
[[0;32m  OK  [0m] Stopped Raise network interfaces.
[[0;32m  OK  [0m] Stopped target Network (Pre).
[[0;32m  OK  [0m] Stopped Initial cloud-init job (pre-networking).
[[0;32m  OK  [0m] Stopped Apply Kernel Variables.
[[0;32m  OK  [0m] Stopped Load Kernel Modules.
[[0;32m  OK  [0m] Stopped target Local File Systems.
         Unmounting /vagrant...
         Unmounting /run/user/1000...
[[0;32m  OK  [0m] Unmounted /vagrant.
[[0;32m  OK  [0m] Unmounted /run/user/1000.
[[0;32m  OK  [0m] Reached target Unmount All Filesystems.
[[0;32m  OK  [0m] Stopped target Local File Systems (Pre).
         Stopping Monitoring of LVM2 mirrors... dmeventd or progress polling...
[[0;32m  OK  [0m] Stopped Remount Root and Kernel File Systems.
[[0;32m  OK  [0m] Stopped Create Static Device Nodes in /dev.
[[0;32m  OK  [0m] Reached target Shutdown.
[ 4595.912443] reboot: Power down
