[    0.000000] Initializing cgroup subsys cpuset
[    0.000000] Initializing cgroup subsys cpu
[    0.000000] Initializing cgroup subsys cpuacct
[    0.000000] Linux version 4.4.0-179-generic (buildd@lcy01-amd64-014) (gcc version 5.4.0 20160609 (Ubuntu 5.4.0-6ubuntu1~16.04.12) ) #209-Ubuntu SMP Fri Apr 24 17:48:44 UTC 2020 (Ubuntu 4.4.0-179.209-generic 4.4.219)
[    0.000000] Command line: BOOT_IMAGE=/boot/vmlinuz-4.4.0-179-generic root=UUID=29520b96-5b73-419e-9d4d-d12052490116 ro console=tty1 console=ttyS0
[    0.000000] KERNEL supported cpus:
[    0.000000]   Intel GenuineIntel
[    0.000000]   AMD AuthenticAMD
[    0.000000]   Centaur CentaurHauls
[    0.000000] x86/fpu: xstate_offset[2]:  576, xstate_sizes[2]:  256
[    0.000000] x86/fpu: Supporting XSAVE feature 0x01: 'x87 floating point registers'
[    0.000000] x86/fpu: Supporting XSAVE feature 0x02: 'SSE registers'
[    0.000000] x86/fpu: Supporting XSAVE feature 0x04: 'AVX registers'
[    0.000000] x86/fpu: Enabled xstate features 0x7, context size is 832 bytes, using 'standard' format.
[    0.000000] e820: BIOS-provided physical RAM map:
[    0.000000] BIOS-e820: [mem 0x0000000000000000-0x000000000009fbff] usable
[    0.000000] BIOS-e820: [mem 0x000000000009fc00-0x000000000009ffff] reserved
[    0.000000] BIOS-e820: [mem 0x00000000000f0000-0x00000000000fffff] reserved
[    0.000000] BIOS-e820: [mem 0x0000000000100000-0x000000001ffeffff] usable
[    0.000000] BIOS-e820: [mem 0x000000001fff0000-0x000000001fffffff] ACPI data
[    0.000000] BIOS-e820: [mem 0x00000000fec00000-0x00000000fec00fff] reserved
[    0.000000] BIOS-e820: [mem 0x00000000fee00000-0x00000000fee00fff] reserved
[    0.000000] BIOS-e820: [mem 0x00000000fffc0000-0x00000000ffffffff] reserved
[    0.000000] NX (Execute Disable) protection: active
[    0.000000] SMBIOS 2.5 present.
[    0.000000] Hypervisor detected: KVM
[    0.000000] e820: last_pfn = 0x1fff0 max_arch_pfn = 0x400000000
[    0.000000] MTRR: Disabled
[    0.000000] x86/PAT: MTRRs disabled, skipping PAT initialization too.
[    0.000000] CPU MTRRs all blank - virtualized system.
[    0.000000] x86/PAT: Configuration [0-7]: WB  WT  UC- UC  WB  WT  UC- UC  
[    0.000000] found SMP MP-table at [mem 0x0009fff0-0x0009ffff] mapped at [ffff88000009fff0]
[    0.000000] Scanning 1 areas for low memory corruption
[    0.000000] RAMDISK: [mem 0x1e7c6000-0x1f6d7fff]
[    0.000000] ACPI: Early table checksum verification disabled
[    0.000000] ACPI: RSDP 0x00000000000E0000 000024 (v02 VBOX  )
[    0.000000] ACPI: XSDT 0x000000001FFF0030 00003C (v01 VBOX   VBOXXSDT 00000001 ASL  00000061)
[    0.000000] ACPI: FACP 0x000000001FFF00F0 0000F4 (v04 VBOX   VBOXFACP 00000001 ASL  00000061)
[    0.000000] ACPI: DSDT 0x000000001FFF0470 002325 (v02 VBOX   VBOXBIOS 00000002 INTL 20100528)
[    0.000000] ACPI: FACS 0x000000001FFF0200 000040
[    0.000000] ACPI: FACS 0x000000001FFF0200 000040
[    0.000000] ACPI: APIC 0x000000001FFF0240 000054 (v02 VBOX   VBOXAPIC 00000001 ASL  00000061)
[    0.000000] ACPI: SSDT 0x000000001FFF02A0 0001CC (v01 VBOX   VBOXCPUT 00000002 INTL 20100528)
[    0.000000] No NUMA configuration found
[    0.000000] Faking a node at [mem 0x0000000000000000-0x000000001ffeffff]
[    0.000000] NODE_DATA(0) allocated [mem 0x1ffeb000-0x1ffeffff]
[    0.000000] kvm-clock: Using msrs 4b564d01 and 4b564d00
[    0.000000] kvm-clock: cpu 0, msr 0:1ffe3001, primary cpu clock
[    0.000000] kvm-clock: using sched offset of 3470660219 cycles
[    0.000000] clocksource: kvm-clock: mask: 0xffffffffffffffff max_cycles: 0x1cd42e4dffb, max_idle_ns: 881590591483 ns
[    0.000000] Zone ranges:
[    0.000000]   DMA      [mem 0x0000000000001000-0x0000000000ffffff]
[    0.000000]   DMA32    [mem 0x0000000001000000-0x000000001ffeffff]
[    0.000000]   Normal   empty
[    0.000000]   Device   empty
[    0.000000] Movable zone start for each node
[    0.000000] Early memory node ranges
[    0.000000]   node   0: [mem 0x0000000000001000-0x000000000009efff]
[    0.000000]   node   0: [mem 0x0000000000100000-0x000000001ffeffff]
[    0.000000] Initmem setup node 0 [mem 0x0000000000001000-0x000000001ffeffff]
[    0.000000] ACPI: PM-Timer IO Port: 0x4008
[    0.000000] IOAPIC[0]: apic_id 1, version 32, address 0xfec00000, GSI 0-23
[    0.000000] ACPI: INT_SRC_OVR (bus 0 bus_irq 0 global_irq 2 dfl dfl)
[    0.000000] ACPI: INT_SRC_OVR (bus 0 bus_irq 9 global_irq 9 low level)
[    0.000000] Using ACPI (MADT) for SMP configuration information
[    0.000000] smpboot: Allowing 1 CPUs, 0 hotplug CPUs
[    0.000000] PM: Registered nosave memory: [mem 0x00000000-0x00000fff]
[    0.000000] PM: Registered nosave memory: [mem 0x0009f000-0x0009ffff]
[    0.000000] PM: Registered nosave memory: [mem 0x000a0000-0x000effff]
[    0.000000] PM: Registered nosave memory: [mem 0x000f0000-0x000fffff]
[    0.000000] e820: [mem 0x20000000-0xfebfffff] available for PCI devices
[    0.000000] Booting paravirtualized kernel on KVM
[    0.000000] clocksource: refined-jiffies: mask: 0xffffffff max_cycles: 0xffffffff, max_idle_ns: 7645519600211568 ns
[    0.000000] setup_percpu: NR_CPUS:512 nr_cpumask_bits:512 nr_cpu_ids:1 nr_node_ids:1
[    0.000000] PERCPU: Embedded 33 pages/cpu @ffff88001fc00000 s95448 r8192 d31528 u2097152
[    0.000000] Built 1 zonelists in Node order, mobility grouping on.  Total pages: 128888
[    0.000000] Policy zone: DMA32
[    0.000000] Kernel command line: BOOT_IMAGE=/boot/vmlinuz-4.4.0-179-generic root=UUID=29520b96-5b73-419e-9d4d-d12052490116 ro console=tty1 console=ttyS0
[    0.000000] PID hash table entries: 2048 (order: 2, 16384 bytes)
[    0.000000] Memory: 481172K/523832K available (8630K kernel code, 1336K rwdata, 4036K rodata, 1488K init, 1292K bss, 42660K reserved, 0K cma-reserved)
[    0.000000] SLUB: HWalign=64, Order=0-3, MinObjects=0, CPUs=1, Nodes=1
[    0.000000] Kernel/User page tables isolation: enabled
[    0.000000] Hierarchical RCU implementation.
[    0.000000] 	Build-time adjustment of leaf fanout to 64.
[    0.000000] 	RCU restricting CPUs from NR_CPUS=512 to nr_cpu_ids=1.
[    0.000000] RCU: Adjusting geometry for rcu_fanout_leaf=64, nr_cpu_ids=1
[    0.000000] NR_IRQS:33024 nr_irqs:256 16
[    0.000000] Console: colour VGA+ 80x25
[    0.000000] console [tty1] enabled
[    0.000000] console [ttyS0] enabled
[    0.000000] tsc: Detected 2112.000 MHz processor
[    0.177329] Calibrating delay loop (skipped) preset value.. 4224.00 BogoMIPS (lpj=8448000)
[    0.180149] pid_max: default: 32768 minimum: 301
[    0.181192] ACPI: Core revision 20150930
[    0.183939] ACPI: 2 ACPI AML tables successfully acquired and loaded
[    0.185217] Security Framework initialized
[    0.186015] Yama: becoming mindful.
[    0.186819] AppArmor: AppArmor initialized
[    0.187761] Dentry cache hash table entries: 65536 (order: 7, 524288 bytes)
[    0.191708] Inode-cache hash table entries: 32768 (order: 6, 262144 bytes)
[    0.193436] Mount-cache hash table entries: 1024 (order: 1, 8192 bytes)
[    0.194713] Mountpoint-cache hash table entries: 1024 (order: 1, 8192 bytes)
[    0.196182] Initializing cgroup subsys io
[    0.197083] Initializing cgroup subsys memory
[    0.198027] Initializing cgroup subsys devices
[    0.198968] Initializing cgroup subsys freezer
[    0.199921] Initializing cgroup subsys net_cls
[    0.200935] Initializing cgroup subsys perf_event
[    0.201917] Initializing cgroup subsys net_prio
[    0.202864] Initializing cgroup subsys hugetlb
[    0.203817] Initializing cgroup subsys pids
[    0.205825] mce: CPU supports 0 MCE banks
[    0.206723] process: using mwait in idle threads
[    0.207699] Last level iTLB entries: 4KB 64, 2MB 8, 4MB 8
[    0.208800] Last level dTLB entries: 4KB 64, 2MB 0, 4MB 0, 1GB 4
[    0.209989] Spectre V1 : Mitigation: usercopy/swapgs barriers and __user pointer sanitization
[    0.211773] Spectre V2 : Mitigation: Full generic retpoline
[    0.212940] Spectre V2 : Spectre v2 / SpectreRSB mitigation: Filling RSB on context switch
[    0.214640] Speculative Store Bypass: Vulnerable
[    0.215717] MDS: Mitigation: Clear CPU buffers
[    0.242925] Freeing SMP alternatives memory: 36K
[    0.250414] ftrace: allocating 32313 entries in 127 pages
[    0.316114] smpboot: APIC(0) Converting physical 0 to logical package 0
[    0.317370] smpboot: Max logical packages: 1
[    0.318741] x2apic enabled
[    0.319693] Switched APIC routing to physical x2apic.
[    0.322047] ..TIMER: vector=0x30 apic1=0 pin1=2 apic2=-1 pin2=-1
[    0.431363] smpboot: CPU0: Intel(R) Core(TM) i7-8650U CPU @ 1.90GHz (family: 0x6, model: 0x8e, stepping: 0xa)
[    0.433602] Performance Events: unsupported p6 CPU model 142 no PMU driver, software events only.
[    0.445433] KVM setup paravirtual spinlock
[    0.446863] x86: Booted up 1 node, 1 CPUs
[    0.447733] smpboot: Total of 1 processors activated (4224.00 BogoMIPS)
[    0.449226] devtmpfs: initialized
[    0.452229] evm: security.selinux
[    0.453317] evm: security.SMACK64
[    0.454027] evm: security.SMACK64EXEC
[    0.454812] evm: security.SMACK64TRANSMUTE
[    0.455677] evm: security.SMACK64MMAP
[    0.456470] evm: security.ima
[    0.457126] evm: security.capability
[    0.458018] clocksource: jiffies: mask: 0xffffffff max_cycles: 0xffffffff, max_idle_ns: 7645041785100000 ns
[    0.469808] futex hash table entries: 256 (order: 2, 16384 bytes)
[    0.471247] pinctrl core: initialized pinctrl subsystem
[    0.472715] RTC time:  4:26:51, date: 09/17/20
[    0.474003] NET: Registered protocol family 16
[    0.475148] cpuidle: using governor ladder
[    0.476178] cpuidle: using governor menu
[    0.476993] PCCT header not found.
[    0.477786] ACPI: bus type PCI registered
[    0.478597] acpiphp: ACPI Hot Plug PCI Controller Driver version: 0.5
[    0.480263] PCI: Using configuration type 1 for base access
[    0.485270] ACPI: Added _OSI(Module Device)
[    0.486167] ACPI: Added _OSI(Processor Device)
[    0.487095] ACPI: Added _OSI(3.0 _SCP Extensions)
[    0.488050] ACPI: Added _OSI(Processor Aggregator Device)
[    0.489656] ACPI: Executed 1 blocks of module-level executable AML code
[    0.493021] ACPI: Interpreter enabled
[    0.493951] ACPI: (supports S0 S5)
[    0.494748] ACPI: Using IOAPIC for interrupt routing
[    0.495897] PCI: Using host bridge windows from ACPI; if necessary, use "pci=nocrs" and report a bug
[    0.501043] ACPI: PCI Root Bridge [PCI0] (domain 0000 [bus 00-ff])
[    0.502294] acpi PNP0A03:00: _OSC: OS supports [ASPM ClockPM Segments MSI]
[    0.503917] acpi PNP0A03:00: _OSC: not requesting OS control; OS requires [ExtendedConfig ASPM ClockPM MSI]
[    0.506034] acpi PNP0A03:00: fail to add MMCONFIG information, can't access extended PCI configuration space under this bridge.
[    0.509097] PCI host bridge to bus 0000:00
[    0.510274] pci_bus 0000:00: root bus resource [io  0x0000-0x0cf7 window]
[    0.511846] pci_bus 0000:00: root bus resource [io  0x0d00-0xffff window]
[    0.513406] pci_bus 0000:00: root bus resource [mem 0x000a0000-0x000bffff window]
[    0.515174] pci_bus 0000:00: root bus resource [mem 0x20000000-0xfdffffff window]
[    0.516904] pci_bus 0000:00: root bus resource [bus 00-ff]
[    0.519972] pci 0000:00:01.1: legacy IDE quirk: reg 0x10: [io  0x01f0-0x01f7]
[    0.521602] pci 0000:00:01.1: legacy IDE quirk: reg 0x14: [io  0x03f6]
[    0.532727] pci 0000:00:01.1: legacy IDE quirk: reg 0x18: [io  0x0170-0x0177]
[    0.534091] pci 0000:00:01.1: legacy IDE quirk: reg 0x1c: [io  0x0376]
[    0.542668] pci 0000:00:07.0: quirk: [io  0x4000-0x403f] claimed by PIIX4 ACPI
[    0.552466] pci 0000:00:07.0: quirk: [io  0x4100-0x410f] claimed by PIIX4 SMB
[    0.558340] ACPI: PCI Interrupt Link [LNKA] (IRQs 5 9 10 *11)
[    0.560451] ACPI: PCI Interrupt Link [LNKB] (IRQs 5 9 *10 11)
[    0.562128] ACPI: PCI Interrupt Link [LNKC] (IRQs 5 *9 10 11)
[    0.563835] ACPI: PCI Interrupt Link [LNKD] (IRQs 5 9 10 *11)
[    0.565306] ACPI: Enabled 2 GPEs in block 00 to 07
[    0.566409] vgaarb: setting as boot device: PCI:0000:00:02.0
[    0.570666] vgaarb: device added: PCI:0000:00:02.0,decodes=io+mem,owns=io+mem,locks=none
[    0.572355] vgaarb: loaded
[    0.573056] vgaarb: bridge control possible 0000:00:02.0
[    0.574259] SCSI subsystem initialized
[    0.575032] ACPI: bus type USB registered
[    0.575774] usbcore: registered new interface driver usbfs
[    0.576721] usbcore: registered new interface driver hub
[    0.577610] usbcore: registered new device driver usb
[    0.578576] PCI: Using ACPI for IRQ routing
[    0.579719] NetLabel: Initializing
[    0.594219] NetLabel:  domain hash size = 128
[    0.595510] NetLabel:  protocols = UNLABELED CIPSOv4
[    0.596473] NetLabel:  unlabeled traffic allowed by default
[    0.597590] amd_nb: Cannot enumerate AMD northbridges
[    0.598612] clocksource: Switched to clocksource kvm-clock
[    0.609572] AppArmor: AppArmor Filesystem Enabled
[    0.610784] pnp: PnP ACPI init
[    0.612666] pnp: PnP ACPI: found 3 devices
[    0.618966] clocksource: acpi_pm: mask: 0xffffff max_cycles: 0xffffff, max_idle_ns: 2085701024 ns
[    0.620768] NET: Registered protocol family 2
[    0.621804] TCP established hash table entries: 4096 (order: 3, 32768 bytes)
[    0.623227] TCP bind hash table entries: 4096 (order: 4, 65536 bytes)
[    0.624410] TCP: Hash tables configured (established 4096 bind 4096)
[    0.625645] UDP hash table entries: 256 (order: 1, 8192 bytes)
[    0.626802] UDP-Lite hash table entries: 256 (order: 1, 8192 bytes)
[    0.628044] NET: Registered protocol family 1
[    0.629002] pci 0000:00:00.0: Limiting direct PCI/PCI transfers
[    0.630127] pci 0000:00:01.0: Activating ISA DMA hang workarounds
[    0.631541] Unpacking initramfs...
[    0.852945] Freeing initrd memory: 15432K
[    0.853957] clocksource: tsc: mask: 0xffffffffffffffff max_cycles: 0x1e71785e5dd, max_idle_ns: 440795244814 ns
[    0.855884] platform rtc_cmos: registered platform RTC device (no PNP device found)
[    0.857492] Scanning for low memory corruption every 60 seconds
[    0.859058] audit: initializing netlink subsys (disabled)
[    0.860272] audit: type=2000 audit(1600316816.932:1): initialized
[    0.861900] Initialise system trusted keyring
[    0.862836] HugeTLB registered 2 MB page size, pre-allocated 0 pages
[    0.865137] zbud: loaded
[    0.866125] VFS: Disk quotas dquot_6.6.0
[    0.867231] VFS: Dquot-cache hash table entries: 512 (order 0, 4096 bytes)
[    0.868640] squashfs: version 4.0 (2009/01/31) Phillip Lougher
[    0.870210] fuse init (API version 7.23)
[    0.871195] Key type big_key registered
[    0.871976] Allocating IMA MOK and blacklist keyrings.
[    0.873176] Key type asymmetric registered
[    0.874043] Asymmetric key parser 'x509' registered
[    0.875074] Block layer SCSI generic (bsg) driver version 0.4 loaded (major 249)
[    0.876848] io scheduler noop registered
[    0.877854] io scheduler deadline registered (default)
[    0.878880] io scheduler cfq registered
[    0.879786] pci_hotplug: PCI Hot Plug PCI Core version: 0.5
[    0.891350] pciehp: PCI Express Hot Plug Controller Driver version: 0.4
[    0.892707] ACPI: AC Adapter [AC] (on-line)
[    0.893938] input: Power Button as /devices/LNXSYSTM:00/LNXPWRBN:00/input/input0
[    0.896192] ACPI: Power Button [PWRF]
[    0.897813] input: Sleep Button as /devices/LNXSYSTM:00/LNXSLPBN:00/input/input1
[    0.900332] ACPI: Sleep Button [SLPF]
[    0.902344] ACPI: Battery Slot [BAT0] (battery present)
[    0.903870] GHES: HEST is not enabled!
[    0.904844] Serial: 8250/16550 driver, 32 ports, IRQ sharing enabled
[    0.928956] 00:02: ttyS0 at I/O 0x3f8 (irq = 4, base_baud = 115200) is a 16550A
[    0.931852] Linux agpgart interface v0.103
[    0.933541] loop: module loaded
[    0.934673] scsi host0: ata_piix
[    0.935511] scsi host1: ata_piix
[    0.936268] ata1: PATA max UDMA/33 cmd 0x1f0 ctl 0x3f6 bmdma 0xd000 irq 14
[    0.937476] ata2: PATA max UDMA/33 cmd 0x170 ctl 0x376 bmdma 0xd008 irq 15
[    0.939222] libphy: Fixed MDIO Bus: probed
[    0.953148] tun: Universal TUN/TAP device driver, 1.6
[    0.954155] tun: (C) 1999-2004 Max Krasnyansky <maxk@qualcomm.com>
[    0.955769] PPP generic driver version 2.4.2
[    0.956662] ehci_hcd: USB 2.0 'Enhanced' Host Controller (EHCI) Driver
[    0.958028] ehci-pci: EHCI PCI platform driver
[    0.959086] ehci-platform: EHCI generic platform driver
[    0.960180] ohci_hcd: USB 1.1 'Open' Host Controller (OHCI) Driver
[    0.961525] ohci-pci: OHCI PCI platform driver
[    0.962551] ohci-platform: OHCI generic platform driver
[    0.963629] uhci_hcd: USB Universal Host Controller Interface driver
[    0.964949] i8042: PNP: PS/2 Controller [PNP0303:PS2K,PNP0f03:PS2M] at 0x60,0x64 irq 1,12
[    0.967159] serio: i8042 KBD port at 0x60,0x64 irq 1
[    0.969280] serio: i8042 AUX port at 0x60,0x64 irq 12
[    0.970389] mousedev: PS/2 mouse device common for all mice
[    0.971747] input: AT Translated Set 2 keyboard as /devices/platform/i8042/serio0/input/input2
[    0.973911] rtc_cmos rtc_cmos: rtc core: registered rtc_cmos as rtc0
[    0.975587] rtc_cmos rtc_cmos: alarms up to one day, 114 bytes nvram
[    0.976800] i2c /dev entries driver
[    0.977625] device-mapper: uevent: version 1.0.3
[    0.978633] device-mapper: ioctl: 4.34.0-ioctl (2015-10-28) initialised: dm-devel@redhat.com
[    0.980494] ledtrig-cpu: registered to indicate activity on CPUs
[    0.984728] NET: Registered protocol family 10
[    0.985842] NET: Registered protocol family 17
[    0.986783] Key type dns_resolver registered
[    0.987954] registered taskstats version 1
[    0.988832] Loading compiled-in X.509 certificates
[    0.990269] Loaded X.509 cert 'Build time autogenerated kernel key: a9e5689415cbbea5b40a198600f217117afda70c'
[    0.992413] zswap: loaded using pool lzo/zbud
[    0.994777] Key type trusted registered
[    0.997869] Key type encrypted registered
[    0.998800] AppArmor: AppArmor sha1 policy hashing enabled
[    0.999945] ima: No TPM chip found, activating TPM-bypass!
[    1.001147] ima: Allocated hash algorithm: sha1
[    1.002090] evm: HMAC attrs: 0x1
[    1.003149]   Magic number: 4:93:414
[    1.004037] rtc_cmos rtc_cmos: setting system clock to 2020-09-17 04:26:52 UTC (1600316812)
[    1.005764] BIOS EDD facility v0.16 2004-Jun-25, 0 devices found
[    1.006937] EDD information not available.
[    1.120443] Freeing unused kernel memory: 1488K
[    1.121538] Write protecting the kernel read-only data: 14336k
[    1.123231] Freeing unused kernel memory: 1600K
[    1.124359] Freeing unused kernel memory: 60K
Loading, please wait...
starting version 229
[    1.134965] random: udevadm: uninitialized urandom read (16 bytes read, 3 bits of entropy available)
[    1.136733] random: udevadm: uninitialized urandom read (16 bytes read, 3 bits of entropy available)
[    1.139051] random: systemd-udevd: uninitialized urandom read (16 bytes read, 3 bits of entropy available)
[    1.141063] random: systemd-udevd: uninitialized urandom read (16 bytes read, 3 bits of entropy available)
[    1.143251] random: systemd-udevd: uninitialized urandom read (16 bytes read, 3 bits of entropy available)
[    1.146667] random: systemd-udevd: uninitialized urandom read (16 bytes read, 3 bits of entropy available)
[    1.154085] random: systemd-udevd: uninitialized urandom read (16 bytes read, 3 bits of entropy available)
[    1.156065] random: systemd-udevd: uninitialized urandom read (16 bytes read, 3 bits of entropy available)
[    1.158363] random: systemd-udevd: uninitialized urandom read (16 bytes read, 3 bits of entropy available)
[    1.162950] random: udevadm: uninitialized urandom read (16 bytes read, 3 bits of entropy available)
[    1.217180] e1000: Intel(R) PRO/1000 Network Driver - version 7.3.21-k8-NAPI
[    1.218918] e1000: Copyright (c) 1999-2006 Intel Corporation.
[    1.223664] Fusion MPT base driver 3.04.20
[    1.224503] Copyright (c) 1999-2008 LSI Corporation
[    1.236335] Fusion MPT SPI Host driver 3.04.20
[    1.252717] mptbase: ioc0: Initiating bringup
[    1.258387] AVX2 version of gcm_enc/dec engaged.
[    1.259305] AES CTR mode by8 optimization enabled
[    1.315199] ioc0: LSI53C1030 A0: Capabilities={Initiator}
[    1.434905] input: ImExPS/2 Generic Explorer Mouse as /devices/platform/i8042/serio1/input/input4
[    1.483675] scsi host2: ioc0: LSI53C1030 A0, FwRev=00000000h, Ports=1, MaxQ=256, IRQ=20
[    1.601081] scsi 2:0:0:0: Direct-Access     VBOX     HARDDISK         1.0  PQ: 0 ANSI: 5
[    1.605199] scsi target2:0:0: Beginning Domain Validation
[    1.611104] scsi target2:0:0: Domain Validation skipping write tests
[    1.613613] scsi target2:0:0: Ending Domain Validation
[    1.616494] scsi target2:0:0: asynchronous
[    1.619901] scsi 2:0:1:0: Direct-Access     VBOX     HARDDISK         1.0  PQ: 0 ANSI: 5
[    1.623143] scsi target2:0:1: Beginning Domain Validation
[    1.644385] scsi target2:0:1: Domain Validation skipping write tests
[    1.645755] scsi target2:0:1: Ending Domain Validation
[    1.650896] scsi target2:0:1: asynchronous
[    1.799273] sd 2:0:0:0: Attached scsi generic sg0 type 0
[    1.800488] sd 2:0:0:0: [sda] 20971520 512-byte logical blocks: (10.7 GB/10.0 GiB)
[    1.802556] sd 2:0:1:0: Attached scsi generic sg1 type 0
[    1.817091] sd 2:0:1:0: [sdb] 20480 512-byte logical blocks: (10.5 MB/10.0 MiB)
[    1.818872] sd 2:0:0:0: [sda] Write Protect is off
[    1.820150] sd 2:0:0:0: [sda] Incomplete mode parameter data
[    1.821410] sd 2:0:0:0: [sda] Assuming drive cache: write through
[    1.823065] sd 2:0:1:0: [sdb] Write Protect is off
[    1.824546] sd 2:0:1:0: [sdb] Incomplete mode parameter data
[    1.825589] sd 2:0:1:0: [sdb] Assuming drive cache: write through
[    1.848604]  sda: sda1
[    1.859378] sd 2:0:0:0: [sda] Attached SCSI disk
[    1.860597] sd 2:0:1:0: [sdb] Attached SCSI disk
[    2.043544] e1000 0000:00:03.0 eth0: (PCI:33MHz:32-bit) 02:1b:c5:10:6b:e2
[    2.045022] e1000 0000:00:03.0 eth0: Intel(R) PRO/1000 Network Connection
[    2.411232] e1000 0000:00:08.0 eth1: (PCI:33MHz:32-bit) 08:00:27:7c:f7:6d
[    2.412619] e1000 0000:00:08.0 eth1: Intel(R) PRO/1000 Network Connection
[    2.415267] e1000 0000:00:08.0 enp0s8: renamed from eth1
[    2.417600] e1000 0000:00:03.0 enp0s3: renamed from eth0
Begin: Loading essential drivers ... [    3.724029] md: linear personality registered for level -1
[    3.727425] md: multipath personality registered for level -4
[    3.731403] md: raid0 personality registered for level 0
[    3.735592] md: raid1 personality registered for level 1
[    3.806676] raid6: sse2x1   gen() 12187 MB/s
[    3.875037] raid6: sse2x1   xor()  9227 MB/s
[    3.942656] raid6: sse2x2   gen() 14943 MB/s
[    4.010673] raid6: sse2x2   xor() 11153 MB/s
[    4.078705] raid6: sse2x4   gen() 18618 MB/s
[    4.147302] raid6: sse2x4   xor() 11336 MB/s
[    4.214857] raid6: avx2x1   gen() 24551 MB/s
[    4.282836] raid6: avx2x2   gen() 29582 MB/s
[    4.350625] raid6: avx2x4   gen() 29878 MB/s
[    4.351910] raid6: using algorithm avx2x4 gen() 29878 MB/s
[    4.353245] raid6: using avx2x2 recovery algorithm
[    4.356078] xor: automatically using best checksumming function:
[    4.394704]    avx       : 31331.000 MB/sec
[    4.397021] async_tx: api initialized (async)
[    4.407496] md: raid6 personality registered for level 6
[    4.408547] md: raid5 personality registered for level 5
[    4.409872] md: raid4 personality registered for level 4
[    4.416393] md: raid10 personality registered for level 10
done.
Begin: Running /scripts/init-premount ... done.
Begin: Mounting root file system ... Begin: Running /scripts/local-top ... done.
Begin: Running /scripts/local-premount ... [    4.447231] Btrfs loaded
Scanning for Btrfs filesystems
done.
Warning: fsck not present, so skipping root file system
[    4.487061] EXT4-fs (sda1): mounted filesystem with ordered data mode. Opts: (null)
done.
Begin: Running /scripts/local-bottom ... done.
Begin: Running /scripts/init-bottom ... done.
[    4.591989] systemd[1]: systemd 229 running in system mode. (+PAM +AUDIT +SELINUX +IMA +APPARMOR +SMACK +SYSVINIT +UTMP +LIBCRYPTSETUP +GCRYPT +GNUTLS +ACL +XZ -LZ4 +SECCOMP +BLKID +ELFUTILS +KMOD -IDN)
[    4.595498] systemd[1]: Detected virtualization oracle.
[    4.596553] systemd[1]: Detected architecture x86-64.

Welcome to [1mUbuntu 16.04.6 LTS[0m!

[    4.601430] systemd[1]: Set hostname to <slave-vm>.
[    4.754609] systemd[1]: Listening on Journal Socket (/dev/log).
[[0;32m  OK  [0m] Listening on Journal Socket (/dev/log).
[    4.756729] systemd[1]: Listening on Journal Socket.
[[0;32m  OK  [0m] Listening on Journal Socket.
[    4.758421] systemd[1]: Listening on LVM2 metadata daemon socket.
[[0;32m  OK  [0m] Listening on LVM2 metadata daemon socket.
[    4.760424] systemd[1]: Listening on Device-mapper event daemon FIFOs.
[[0;32m  OK  [0m] Listening on Device-mapper event daemon FIFOs.
[    4.762478] systemd[1]: Listening on udev Kernel Socket.
[[0;32m  OK  [0m] Listening on udev Kernel Socket.
[    4.764245] systemd[1]: Reached target Encrypted Volumes.
[[0;32m  OK  [0m] Reached target Encrypted Volumes.
[    4.766035] systemd[1]: Started Trigger resolvconf update for networkd DNS.
[[0;32m  OK  [0m] Started Trigger resolvconf update for networkd DNS.
[    4.768418] systemd[1]: Created slice System Slice.
[[0;32m  OK  [0m] Created slice System Slice.
[    4.770620] systemd[1]: Starting Remount Root and Kernel File Systems...
         Starting Remount Root and Kernel File Systems...
[    4.773095] systemd[1]: Starting Nameserver information manager...
         Starting Nameserver information manager...
[    4.778227] systemd[1]: Starting Create list of required static device nodes for the current kernel...
[    4.783312] EXT4-fs (sda1): re-mounted. Opts: (null)
         Starting Create list of required st... nodes for the current kernel...
[    4.785773] systemd[1]: Starting Set console keymap...
         Starting Set console keymap...
[    4.790554] systemd[1]: Starting Monitoring of LVM2 mirrors, snapshots etc. using dmeventd or progress polling...
         Starting Monitoring of LVM2 mirrors... dmeventd or progress polling...
[    4.797463] systemd[1]: Mounting Debug File System...
         Mounting Debug File System...
[    4.803291] systemd[1]: Listening on Syslog Socket.
[[0;32m  OK  [0m] Listening on Syslog Socket.
[    4.806803] systemd[1]: Reached target Swap.
[[0;32m  OK  [0m] Reached target Swap.
[    4.809819] systemd[1]: Listening on /dev/initctl Compatibility Named Pipe.
[[0;32m  OK  [0m] Listening on /dev/initctl Compatibility Named Pipe.
[    4.820102] systemd[1]: Starting Uncomplicated firewall...
         Starting Uncomplicated firewall...
[    4.824729] systemd[1]: Starting Load Kernel Modules...
         Starting Load Kernel Modules...
[    4.828729] systemd[1]: Created slice system-serial\x2dgetty.slice.
[[0;32m  OK  [0m] Created slice system-serial\x2dgetty.slice.
[    4.835027] systemd[1]: Reached target User and Group Name Lookups.
[[0;32m  OK  [0m] Reached target User and Group Name Lookups.
[    4.837822] Loading iSCSI transport class v2.0-870.
[    4.838935] systemd[1]: Listening on LVM2 poll daemon socket.
[[0;32m  OK  [0m] Listening on LVM2 poll daemon socket.
[    4.843486] systemd[1]: Mounting POSIX Message Queue File System...
         Mounting POSIX Message Queue File System...
[    4.845370] systemd[1]: Reached target System Time Synchronized.
[[0;32m  OK  [0m] Reached target System Time Synchronized.
[    4.850543] systemd[1]: Listening on Journal Audit Socket.
[    4.859856] iscsi: registered transport (tcp)
[[0;32m  OK  [0m] Listening on Journal Audit Socket.
[    4.875328] systemd[1]: Mounting Huge Pages File System...
         Mounting Huge Pages File System...
[    4.877449] systemd[1]: Listening on udev Control Socket.
[[0;32m  OK  [0m] Listening on udev Control Socket.
[    4.889514] systemd[1]: Created slice User and Session Slice.
[[0;32m  OK  [0m] Created slice User and Session Slice.
[    4.898835] systemd[1]: Reached target Slices.
[[0;32m  OK  [0m] Reached target Slices.
[    4.906887] systemd[1]: Set up automount Arbitrary Executable File Formats File System Automount Point.
[[0;32m  OK  [0m] Set up automount Arbitrary Executab...ats File System Automount Point.
[    4.915760] systemd[1]: Started Forward Password Requests to Wall Directory Watch.
[[0;32m  OK  [0m] Started Forward Password Requests to Wall Directory Watch.
[    4.918741] systemd[1]: Starting Journal Service...
         Starting Journal Service...
[    4.924573] systemd[1]: Mounted Debug File System.
[[0;32m  OK  [0m] Mounted Debug File System.
[    4.929497] iscsi: registered transport (iser)
[    4.931064] systemd[1]: Mounted POSIX Message Queue File System.
[[0;32m  OK  [0m] Mounted POSIX Message Queue File System.
[    4.939153] systemd[1]: Mounted Huge Pages File System.
[[0;32m  OK  [0m] Mounted Huge Pages File System.
[    4.947337] systemd[1]: Started Remount Root and Kernel File Systems.
[[0;32m  OK  [0m] Started Remount Root and Kernel File Systems.
[    4.951414] systemd[1]: Started Create list of required static device nodes for the current kernel.
[[0;32m  OK  [0m] Started Create list of required sta...ce nodes for the current kernel.
[    4.957308] systemd[1]: Started Set console keymap.
[[0;32m  OK  [0m] Started Set console keymap.
[    4.959698] systemd[1]: Started Uncomplicated firewall.
[[0;32m  OK  [0m] Started Uncomplicated firewall.
[    4.967527] systemd[1]: Started Load Kernel Modules.
[[0;32m  OK  [0m] Started Load Kernel Modules.
[    4.975891] systemd[1]: Started Nameserver information manager.
[[0;32m  OK  [0m] Started Nameserver information manager.
[    4.980485] systemd[1]: Started Journal Service.
[[0;32m  OK  [0m] Started Journal Service.
[[0;32m  OK  [0m] Started LVM2 metadata daemon.
         Mounting FUSE Control File System...
         Starting Apply Kernel Variables...
         Starting Create Static Device Nodes in /dev...
         Starting Load/Save Random Seed...
         Starting Flush Journal to Persistent Storage...
         Starting udev Coldplug all Devices...
[[0;32m  OK  [0m] Mounted FUSE Control File System.
[[0;32m  OK  [0m] Started Apply Kernel Variables.
[[0;32m  OK  [0m] Started Create Static Device Nodes in /dev.
[[0;32m  OK  [0m] Started Load/Save Random Seed.
         Starting udev Kernel Device Manager...
[[0;32m  OK  [0m] Started Flush Journal to Persistent Storage.
[[0;32m  OK  [0m] Started udev Kernel Device Manager.
[[0;32m  OK  [0m] Started udev Coldplug all Devices.
[[0;32m  OK  [0m] Started Dispatch Password Requests to Console Directory Watch.
[[0;32m  OK  [0m] Found device /dev/ttyS0.
[[0;32m  OK  [0m] Listening on Load/Save RF Kill Switch Status /dev/rfkill Watch.
[[0;32m  OK  [0m] Started Monitoring of LVM2 mirrors,...ng dmeventd or progress polling.
[[0;32m  OK  [0m] Reached target Local File Systems (Pre).
[[0;32m  OK  [0m] Reached target Local File Systems.
         Starting Initial cloud-init job (pre-networking)...
         Starting LSB: AppArmor initialization...
         Starting Set console font and keymap...
         Starting Tell Plymouth To Write Out Runtime Data...
         Starting Create Volatile Files and Directories...
[[0;32m  OK  [0m] Started Tell Plymouth To Write Out Runtime Data.
[[0;32m  OK  [0m] Started Create Volatile Files and Directories.
         Starting Update UTMP about System Boot/Shutdown...
[[0;32m  OK  [0m] Started Update UTMP about System Boot/Shutdown.
[[0;32m  OK  [0m] Started LSB: AppArmor initialization.
[[0;32m  OK  [0m] Found device 82540EM Gigabit Ethern...r (PRO/1000 MT Desktop Adapter).
[    6.913008] cloud-init[540]: Cloud-init v. 19.4-33-gbb4131a2-0ubuntu1~16.04.1 running 'init-local' at Thu, 17 Sep 2020 04:26:58 +0000. Up 6.30 seconds.
[[0;32m  OK  [0m] Started Initial cloud-init job (pre-networking).
[[0;32m  OK  [0m] Reached target Network (Pre).
[[0;32m  OK  [0m] Started ifup for enp0s3.
         Starting Raise network interfaces...
[[0;32m  OK  [0m] Started Set console font and keymap.
[[0;32m  OK  [0m] Created slice system-getty.slice.
[[0;32m  OK  [0m] Started Raise network interfaces.
[[0;32m  OK  [0m] Reached target Network.
         Starting Initial cloud-init job (metadata service crawler)...
[    8.012594] cloud-init[998]: Cloud-init v. 19.4-33-gbb4131a2-0ubuntu1~16.04.1 running 'init' at Thu, 17 Sep 2020 04:26:59 +0000. Up 7.69 seconds.
[    8.020760] cloud-init[998]: ci-info: ++++++++++++++++++++++++++++++++++++++Net device info+++++++++++++++++++++++++++++++++++++++
[    8.022207] cloud-init[998]: ci-info: +--------+-------+----------------------------+---------------+--------+-------------------+
[    8.023399] cloud-init[998]: ci-info: | Device |   Up  |          Address           |      Mask     | Scope  |     Hw-Address    |
[    8.024683] cloud-init[998]: ci-info: +--------+-------+----------------------------+---------------+--------+-------------------+
[    8.028407] cloud-init[998]: ci-info: | enp0s3 |  True |         10.0.2.15          | 255.255.255.0 | global | 02:1b:c5:10:6b:e2 |
[    8.029577] cloud-init[998]: ci-info: | enp0s3 |  True | fe80::1b:c5ff:fe10:6be2/64 |       .       |  link  | 02:1b:c5:10:6b:e2 |
[    8.030772] cloud-init[998]: ci-info: | enp0s8 | False |             .              |       .       |   .    | 08:00:27:7c:f7:6d |
[    8.032285] cloud-init[998]: ci-info: |   lo   |  True |         127.0.0.1          |   255.0.0.0   |  host  |         .         |
[    8.033447] cloud-init[998]: ci-info: |   lo   |  True |          ::1/128           |       .       |  host  |         .         |
[    8.036347] cloud-init[998]: ci-info: +--------+-------+----------------------------+---------------+--------+-------------------+
[    8.044810] cloud-init[998]: ci-info: +++++++++++++++++++++++++++Route IPv4 info++++++++++++++++++++++++++++
[    8.052676] cloud-init[998]: ci-info: +-------+-------------+----------+---------------+-----------+-------+
[    8.054020] cloud-init[998]: ci-info: | Route | Destination | Gateway  |    Genmask    | Interface | Flags |
[    8.055083] cloud-init[998]: ci-info: +-------+-------------+----------+---------------+-----------+-------+
[    8.060422] cloud-init[998]: ci-info: |   0   |   0.0.0.0   | 10.0.2.2 |    0.0.0.0    |   enp0s3  |   UG  |
[    8.068765] cloud-init[998]: ci-info: |   1   |   10.0.2.0  | 0.0.0.0  | 255.255.255.0 |   enp0s3  |   U   |
[    8.069953] cloud-init[998]: ci-info: +-------+-------------+----------+---------------+-----------+-------+
[    8.081671] cloud-init[998]: ci-info: +++++++++++++++++++Route IPv6 info+++++++++++++++++++
[    8.082927] cloud-init[998]: ci-info: +-------+-------------+---------+-----------+-------+
[    8.084330] cloud-init[998]: ci-info: | Route | Destination | Gateway | Interface | Flags |
[    8.085753] cloud-init[998]: ci-info: +-------+-------------+---------+-----------+-------+
[    8.088307] cloud-init[998]: ci-info: |   0   |  fe80::/64  |    ::   |   enp0s3  |   U   |
[    8.092255] cloud-init[998]: ci-info: |   3   |   ff00::/8  |    ::   |   enp0s3  |   U   |
[    8.093695] cloud-init[998]: ci-info: +-------+-------------+---------+-----------+-------+
[[0;32m  OK  [0m] Started Initial cloud-init job (metadata service crawler).
[[0;32m  OK  [0m] Reached target Network is Online.
         Starting iSCSI initiator daemon (iscsid)...
[[0;32m  OK  [0m] Reached target Cloud-config availability.
[[0;32m  OK  [0m] Reached target System Initialization.
[[0;32m  OK  [0m] Started ACPI Events Check.
[[0;32m  OK  [0m] Reached target Paths.
[[0;32m  OK  [0m] Listening on UUID daemon activation socket.
[[0;32m  OK  [0m] Listening on ACPID Listen Socket.
         Starting Socket activation for snappy daemon.
[[0;32m  OK  [0m] Started Daily apt download activities.
[[0;32m  OK  [0m] Started Daily apt upgrade and clean activities.
         Starting LXD - unix socket.
[[0;32m  OK  [0m] Listening on D-Bus System Message Bus Socket.
[[0;32m  OK  [0m] Started Daily Cleanup of Temporary Directories.
[[0;32m  OK  [0m] Started Message of the Day.
[[0;32m  OK  [0m] Reached target Timers.
[[0;32m  OK  [0m] Listening on Socket activation for snappy daemon.
[[0;32m  OK  [0m] Listening on LXD - unix socket.
[[0;32m  OK  [0m] Reached target Sockets.
[[0;32m  OK  [0m] Reached target Basic System.
         Starting Accounts Service...
         Starting Virtualbox guest utils...
[[0;32m  OK  [0m] Started ACPI event daemon.
         Starting LSB: Record successful boot for GRUB...
         Starting Login Service...
         Starting Message of the Day...
         Starting LSB: MD monitoring daemon...
         Starting OpenBSD Secure Shell server...
[[0;32m  OK  [0m] Started FUSE filesystem for LXC.
[[0;32m  OK  [0m] Started Deferred execution scheduler.
         Starting System Logging Service...
[[0;32m  OK  [0m] Started D-Bus System Message Bus.
         Starting /etc/rc.local Compatibility...
[[0;32m  OK  [0m] Started Regular background program processing daemon.
         Starting LXD - container startup/shutdown...
         Starting Snappy daemon...
[[0;32m  OK  [0m] Started iSCSI initiator daemon (iscsid).
[[0;32m  OK  [0m] Started /etc/rc.local Compatibility.
         Starting Login to default iSCSI targets...
         Starting Authenticate and Authorize Users to Run Privileged Tasks...
[[0;32m  OK  [0m] Started Login Service.
[[0;32m  OK  [0m] Started Unattended Upgrades Shutdown.
[[0;32m  OK  [0m] Started Login to default iSCSI targets.
[[0;32m  OK  [0m] Reached target Remote File Systems (Pre).
[[0;32m  OK  [0m] Reached target Remote File Systems.
         Starting LSB: daemon to balance interrupts for SMP systems...
         Starting Permit User Sessions...
         Starting LSB: Set the CPU Frequency Scaling governor to "ondemand"...
         Starting LSB: automatic crash report generation...
[[0;32m  OK  [0m] Started Permit User Sessions.
         Starting Hold until boot process finishes up...
         Starting Terminate Plymouth Boot Screen...
[[0;32m  OK  [0m] Started Hold until boot process finishes up.
[[0;32m  OK  [0m] Started Getty on tty1.
         Starting Set console scheme...
[[0;32m  OK  [0m] Started Serial Getty on ttyS0.
[[0;32m  OK  [0m] Reached target Login Prompts.
[[0;32m  OK  [0m] Started Terminate Plymouth Boot Screen.
[[0;32m  OK  [0m] Started Set console scheme.
[[0;32m  OK  [0m] Started OpenBSD Secure Shell server.
[[0;32m  OK  [0m] Started LSB: Set the CPU Frequency Scaling governor to "ondemand".
[[0;32m  OK  [0m] Started System Logging Service.
[[0;32m  OK  [0m] Started LSB: MD monitoring daemon.
[[0;32m  OK  [0m] Started LSB: daemon to balance interrupts for SMP systems.
[[0;32m  OK  [0m] Started LSB: Record successful boot for GRUB.
[[0;32m  OK  [0m] Started LXD - container startup/shutdown.
[[0;32m  OK  [0m] Started LSB: automatic crash report generation.
[[0;32m  OK  [0m] Started Authenticate and Authorize Users to Run Privileged Tasks.
[[0;32m  OK  [0m] Started Accounts Service.
[[0;32m  OK  [0m] Started Virtualbox guest utils.
[[0;32m  OK  [0m] Started Snappy daemon.
         Starting Wait until snapd is fully seeded...
[[0;32m  OK  [0m] Started Wait until snapd is fully seeded.
         Starting Apply the settings specified in cloud-config...
[[0;32m  OK  [0m] Reached target Multi-User System.
[[0;32m  OK  [0m] Reached target Graphical Interface.
         Starting Update UTMP about System Runlevel Changes...
[[0;32m  OK  [0m] Started Update UTMP about System Runlevel Changes.
[    9.935870] cloud-init[1291]: Cloud-init v. 19.4-33-gbb4131a2-0ubuntu1~16.04.1 running 'modules:config' at Thu, 17 Sep 2020 04:27:01 +0000. Up 9.80 seconds.
[[0;32m  OK  [0m] Started Apply the settings specified in cloud-config.
         Starting Execute cloud user/final scripts...
[   10.602053] cloud-init[1312]: Cloud-init v. 19.4-33-gbb4131a2-0ubuntu1~16.04.1 running 'modules:final' at Thu, 17 Sep 2020 04:27:02 +0000. Up 10.47 seconds.
[   10.608633] cloud-init[1312]: Cloud-init v. 19.4-33-gbb4131a2-0ubuntu1~16.04.1 finished at Thu, 17 Sep 2020 04:27:02 +0000. Datasource DataSourceNoCloud [seed=/dev/sdb][dsmode=net].  Up 10.59 seconds
[[0;32m  OK  [0m] Started Execute cloud user/final scripts.
         Starting Daily apt download activities...
[[0;32m  OK  [0m] Reached target Cloud-init target.
[[0;32m  OK  [0m] Started Message of the Day.
[[0;32m  OK  [0m] Created slice User Slice of vagrant.
         Starting User Manager for UID 1000...
[[0;32m  OK  [0m] Started Session 1 of user vagrant.
[[0;32m  OK  [0m] Started User Manager for UID 1000.

Ubuntu 16.04.6 LTS slave-vm ttyS0

slave-vm login: 